Component: ARM Compiler 5.06 update 6 (build 750) Tool: armlink [4d35ed]

==============================================================================

Section Cross References

    main.o(i.ConfigurePA0PA1) refers to main.o(i.__NVIC_ClearPendingIRQ) for __NVIC_ClearPendingIRQ
    main.o(i.ConfigurePA0PA1) refers to main.o(i.__NVIC_SetPriority) for __NVIC_SetPriority
    main.o(i.ConfigurePA0PA1) refers to main.o(i.__NVIC_EnableIRQ) for __NVIC_EnableIRQ
    main.o(i.ConfigurePB3PB5) refers to main.o(i.__NVIC_ClearPendingIRQ) for __NVIC_ClearPendingIRQ
    main.o(i.ConfigurePB3PB5) refers to main.o(i.__NVIC_SetPriority) for __NVIC_SetPriority
    main.o(i.ConfigurePB3PB5) refers to main.o(i.__NVIC_EnableIRQ) for __NVIC_EnableIRQ
    main.o(i.Configure_Timer2) refers to main.o(i.__NVIC_ClearPendingIRQ) for __NVIC_ClearPendingIRQ
    main.o(i.Configure_Timer2) refers to main.o(i.__NVIC_SetPriority) for __NVIC_SetPriority
    main.o(i.Configure_Timer2) refers to main.o(i.__NVIC_EnableIRQ) for __NVIC_EnableIRQ
    main.o(i.Delay) refers to main.o(.data) for msTicks
    main.o(i.EXTI0_1_IRQHandler) refers to noretval__2printf.o(.text) for __2printf
    main.o(i.EXTI0_1_IRQHandler) refers to main.o(.data) for button_press
    main.o(i.EXTI2_3_IRQHandler) refers to noretval__2printf.o(.text) for __2printf
    main.o(i.EXTI2_3_IRQHandler) refers to main.o(.data) for button_press
    main.o(i.EXTI4_15_IRQHandler) refers to noretval__2printf.o(.text) for __2printf
    main.o(i.EXTI4_15_IRQHandler) refers to main.o(.data) for button_press
    main.o(i.PlayMelody) refers to rt_memcpy.o(.emb_text) for __aeabi_memcpy4
    main.o(i.PlayMelody) refers to main.o(i.EnablePWM) for EnablePWM
    main.o(i.PlayMelody) refers to main.o(i.SelectTone) for SelectTone
    main.o(i.PlayMelody) refers to main.o(i.TIM2Delay) for TIM2Delay
    main.o(i.PlayMelody) refers to main.o(i.DisablePWM) for DisablePWM
    main.o(i.PlayMelody) refers to main.o(.constdata) for .constdata
    main.o(i.SelectTone) refers to rt_memcpy.o(.emb_text) for __aeabi_memcpy4
    main.o(i.SelectTone) refers to main.o(.constdata) for .constdata
    main.o(i.SetSysClock) refers to system_stm32f0xx.o(.data) for SystemCoreClock
    main.o(i.SysTick_Handler) refers to main.o(.data) for msTicks
    main.o(i.TIM2Delay) refers to main.o(.data) for TIM2_Ticks
    main.o(i.TIM2_IRQHandler) refers to main.o(.data) for TIM2_Ticks
    main.o(i.main) refers to main.o(i.SetSysClock) for SetSysClock
    main.o(i.main) refers to usart_user.o(i.stdout_init) for stdout_init
    main.o(i.main) refers to aeabi_sdiv.o(.text) for __aeabi_uidivmod
    main.o(i.main) refers to main.o(i.__NVIC_SetPriority) for __NVIC_SetPriority
    main.o(i.main) refers to main.o(i.GPIOA_init) for GPIOA_init
    main.o(i.main) refers to main.o(i.Configure_Timer2) for Configure_Timer2
    main.o(i.main) refers to main.o(i.Configure_PB4_TIMer3) for Configure_PB4_TIMer3
    main.o(i.main) refers to main.o(i.ConfigurePA0PA1) for ConfigurePA0PA1
    main.o(i.main) refers to main.o(i.ConfigurePB3PB5) for ConfigurePB3PB5
    main.o(i.main) refers to noretval__2printf.o(.text) for __2printf
    main.o(i.main) refers to main.o(i.PlayMelody) for PlayMelody
    main.o(i.main) refers to main.o(i.LED_on) for LED_on
    main.o(i.main) refers to main.o(i.Delay) for Delay
    main.o(i.main) refers to main.o(i.LED_off) for LED_off
    main.o(i.main) refers to system_stm32f0xx.o(.data) for SystemCoreClock
    main.o(i.main) refers to main.o(.data) for button_press
    retarget_io.o(i._sys_open) refers to strcmp.o(.text) for strcmp
    retarget_io.o(i._sys_write) refers to usart_user.o(i.stdout_putchar) for stdout_putchar
    startup_stm32f072xb.o(STACK) refers (Special) to heapauxi.o(.text) for __use_two_region_memory
    startup_stm32f072xb.o(HEAP) refers (Special) to heapauxi.o(.text) for __use_two_region_memory
    startup_stm32f072xb.o(RESET) refers (Special) to heapauxi.o(.text) for __use_two_region_memory
    startup_stm32f072xb.o(RESET) refers to startup_stm32f072xb.o(STACK) for __initial_sp
    startup_stm32f072xb.o(RESET) refers to startup_stm32f072xb.o(.text) for Reset_Handler
    startup_stm32f072xb.o(RESET) refers to main.o(i.SysTick_Handler) for SysTick_Handler
    startup_stm32f072xb.o(RESET) refers to main.o(i.EXTI0_1_IRQHandler) for EXTI0_1_IRQHandler
    startup_stm32f072xb.o(RESET) refers to main.o(i.EXTI2_3_IRQHandler) for EXTI2_3_IRQHandler
    startup_stm32f072xb.o(RESET) refers to main.o(i.EXTI4_15_IRQHandler) for EXTI4_15_IRQHandler
    startup_stm32f072xb.o(RESET) refers to main.o(i.TIM2_IRQHandler) for TIM2_IRQHandler
    startup_stm32f072xb.o(.text) refers (Special) to heapauxi.o(.text) for __use_two_region_memory
    startup_stm32f072xb.o(.text) refers to system_stm32f0xx.o(i.SystemInit) for SystemInit
    startup_stm32f072xb.o(.text) refers to __main.o(!!!main) for __main
    startup_stm32f072xb.o(.text) refers to startup_stm32f072xb.o(HEAP) for Heap_Mem
[...]
    heap2mt.o(i.___Heap_Stats$realtime$concurrent) refers to aeabi_sdiv.o(.text) for __aeabi_uidivmod
    heap2mt.o(i.___Heap_Valid$realtime$concurrent) refers to heap2mt.o(i._FDIterate) for _FDIterate
    heap2mt.o(i.___Heap_Valid$realtime$concurrent) refers to heap2mt.o(.conststring) for .conststring
    heap2mt.o(i._free$realtime$concurrent) refers to rt_heap_descriptor_intlibspace.o(.text) for __rt_heap_descriptor
    heap2mt.o(i._free$realtime$concurrent) refers to fdtree.o(i._FDTree_Delete) for _FDTree_Delete
    heap2mt.o(i._free$realtime$concurrent) refers to fdtree.o(i._FDTree_Insert) for _FDTree_Insert
    heap2mt.o(i._malloc$realtime$concurrent) refers to rt_heap_descriptor_intlibspace.o(.text) for __rt_heap_descriptor
    heap2mt.o(i._malloc$realtime$concurrent) refers to fdtree.o(i._FDTree_FindFirst) for _FDTree_FindFirst
    heap2mt.o(i._malloc$realtime$concurrent) refers to init_alloc.o(.text) for __Heap_Full
    heap2mt.o(i._malloc$realtime$concurrent) refers to fdtree.o(i._FDTree_RemoveNode) for _FDTree_RemoveNode
    heap2mt.o(i._malloc$realtime$concurrent) refers to fdtree.o(i._FDTree_Insert) for _FDTree_Insert
    heap2mt.o(i._posix_memalign$realtime$concurrent) refers to rt_heap_descriptor_intlibspace.o(.text) for __rt_heap_descriptor
    heap2mt.o(i._posix_memalign$realtime$concurrent) refers to fdtree.o(i._FDTree_FindFirst) for _FDTree_FindFirst
    heap2mt.o(i._posix_memalign$realtime$concurrent) refers to init_alloc.o(.text) for __Heap_Full
    heap2mt.o(i._posix_memalign$realtime$concurrent) refers to fdtree.o(i._FDTree_RemoveNode) for _FDTree_RemoveNode
    heap2mt.o(i._posix_memalign$realtime$concurrent) refers to fdtree.o(i._FDTree_Insert) for _FDTree_Insert
    heap2mt.o(i._realloc$realtime$concurrent) refers to rt_heap_descriptor_intlibspace.o(.text) for __rt_heap_descriptor
    heap2mt.o(i._realloc$realtime$concurrent) refers to h1_free.o(.text) for free
    heap2mt.o(i._realloc$realtime$concurrent) refers to h1_alloc.o(.text) for malloc
    heap2mt.o(i._realloc$realtime$concurrent) refers to fdtree.o(i._FDTree_Delete) for _FDTree_Delete
    heap2mt.o(i._realloc$realtime$concurrent) refers to fdtree.o(i._FDTree_Insert) for _FDTree_Insert
    heap2mt.o(i._realloc$realtime$concurrent) refers to rt_memcpy.o(.emb_text) for __aeabi_memcpy4
    flsbuf.o(.text) refers to stdio.o(.text) for _deferredlazyseek
    flsbuf.o(.text) refers to retarget_io.o(i._sys_flen) for _sys_flen
    flsbuf.o(.text) refers to retarget_io.o(i._sys_istty) for _sys_istty
    flsbuf.o(.text) refers to h1_alloc.o(.text) for malloc
    streamlock.o(.data) refers (Special) to initio.o(.text) for _initio
    fopen.o(.text) refers to fclose.o(.text) for _fclose_internal
    fopen.o(.text) refers to retarget_io.o(i._sys_open) for _sys_open
    fopen.o(.text) refers to fseek.o(.text) for _fseek
    fopen.o(.text) refers to h1_alloc.o(.text) for malloc
    fopen.o(.text) refers to rt_memclr.o(.text) for __aeabi_memclr4
    fopen.o(.text) refers to stdio_streams.o(.bss) for __stdin
    fclose.o(.text) refers to stdio.o(.text) for _fflush
    fclose.o(.text) refers to retarget_io.o(i._sys_close) for _sys_close
    fclose.o(.text) refers to h1_free.o(.text) for free
    fclose.o(.text) refers to rt_memclr.o(.text) for __aeabi_memclr4
    fopen_locked.o(.text) refers to fclose.o(.text) for _fclose_internal
    fopen_locked.o(.text) refers to retarget_io.o(i._sys_open) for _sys_open
    fopen_locked.o(.text) refers to fseek.o(.text) for _fseek
    fopen_locked.o(.text) refers to h1_alloc.o(.text) for malloc
    fopen_locked.o(.text) refers to rt_memclr.o(.text) for __aeabi_memclr4
    fopen_locked.o(.text) refers to streamlock.o(.data) for _stream_list_lock
    fopen_locked.o(.text) refers to stdio_streams.o(.bss) for __stdin
    exit.o(.text) refers to rtexit.o(.ARM.Collect$$rtexit$$00000000) for __rt_exit
    defsig_fpe_outer.o(.text) refers to defsig_fpe_inner.o(.text) for __rt_SIGFPE_inner
    defsig_fpe_outer.o(.text) refers to defsig_exit.o(.text) for __sig_exit
    defsig_fpe_formal.o(.text) refers to rt_raise.o(.text) for __rt_raise
    defsig_rtred_outer.o(.text) refers to defsig_rtred_inner.o(.text) for __rt_SIGRTRED_inner
    defsig_rtred_outer.o(.text) refers to defsig_exit.o(.text) for __sig_exit
    defsig_rtred_formal.o(.text) refers to rt_raise.o(.text) for __rt_raise
    libinit.o(.ARM.Collect$$libinit$$00000000) refers (Special) to libinit2.o(.ARM.Collect$$libinit$$0000002E) for __rt_lib_init_alloca_1
    libinit.o(.ARM.Collect$$libinit$$00000000) refers (Special) to libinit2.o(.ARM.Collect$$libinit$$0000002C) for __rt_lib_init_argv_1
    libinit.o(.ARM.Collect$$libinit$$00000000) refers (Special) to libinit2.o(.ARM.Collect$$libinit$$0000001B) for __rt_lib_init_atexit_1
    libinit.o(.ARM.Collect$$libinit$$00000000) refers (Special) to libinit2.o(.ARM.Collect$$libinit$$00000021) for __rt_lib_init_clock_1
    libinit.o(.ARM.Collect$$libinit$$00000000) refers (Special) to libinit2.o(.ARM.Collect$$libinit$$00000032) for __rt_lib_init_cpp_1
    libinit.o(.ARM.Collect$$libinit$$00000000) refers (Special) to libinit2.o(.ARM.Collect$$libinit$$00000030) for __rt_lib_init_exceptions_1
    libinit.o(.ARM.Collect$$libinit$$00000000) refers (Special) to libinit2.o(.ARM.Collect$$libinit$$00000002) for __rt_lib_init_fp_1
    libinit.o(.ARM.Collect$$libinit$$00000000) refers (Special) to libinit2.o(.ARM.Collect$$libinit$$0000001F) for __rt_lib_init_fp_trap_1
    libinit.o(.ARM.Collect$$libinit$$00000000) refers (Special) to libinit2.o(.ARM.Collect$$libinit$$00000023) for __rt_lib_init_getenv_1
    libinit.o(.ARM.Collect$$libinit$$00000000) refers (Special) to libinit2.o(.ARM.Collect$$libinit$$0000000A) for __rt_lib_init_heap_1
    libinit.o(.ARM.Collect$$libinit$$00000000) refers (Special) to libinit2.o(.ARM.Collect$$libinit$$00000011) for __rt_lib_init_lc_collate_1
    libinit.o(.ARM.Collect$$libinit$$00000000) refers (Special) to libinit2.o(.ARM.Collect$$libinit$$00000013) for __rt_lib_init_lc_ctype_1
    libinit.o(.ARM.Collect$$libinit$$00000000) refers (Special) to libinit2.o(.ARM.Collect$$libinit$$00000015) for __rt_lib_init_lc_monetary_1
    libinit.o(.ARM.Collect$$libinit$$00000000) refers (Special) to libinit2.o(.ARM.Collect$$libinit$$00000017) for __rt_lib_init_lc_numeric_1
    libinit.o(.ARM.Collect$$libinit$$00000000) refers (Special) to libinit2.o(.ARM.Collect$$libinit$$00000019) for __rt_lib_init_lc_time_1
    libinit.o(.ARM.Collect$$libinit$$00000000) refers (Special) to libinit2.o(.ARM.Collect$$libinit$$00000004) for __rt_lib_init_preinit_1
    libinit.o(.ARM.Collect$$libinit$$00000000) refers (Special) to libinit2.o(.ARM.Collect$$libinit$$0000000E) for __rt_lib_init_rand_1
    libinit.o(.ARM.Collect$$libinit$$00000000) refers (Special) to libinit2.o(.ARM.Collect$$libinit$$00000033) for __rt_lib_init_return
    libinit.o(.ARM.Collect$$libinit$$00000000) refers (Special) to libinit2.o(.ARM.Collect$$libinit$$0000001D) for __rt_lib_init_signal_1
    libinit.o(.ARM.Collect$$libinit$$00000000) refers (Special) to libinit2.o(.ARM.Collect$$libinit$$00000025) for __rt_lib_init_stdio_1
    libinit.o(.ARM.Collect$$libinit$$00000000) refers (Special) to libinit2.o(.ARM.Collect$$libinit$$0000000C) for __rt_lib_init_user_alloc_1
    libinit2.o(.ARM.Collect$$libinit$$00000005) refers (Weak) to init_alloc.o(.text) for _init_alloc
    libinit2.o(.ARM.Collect$$libinit$$00000010) refers to libinit2.o(.ARM.Collect$$libinit$$0000000F) for .ARM.Collect$$libinit$$0000000F
    libinit2.o(.ARM.Collect$$libinit$$00000012) refers to libinit2.o(.ARM.Collect$$libinit$$0000000F) for .ARM.Collect$$libinit$$0000000F
    libinit2.o(.ARM.Collect$$libinit$$00000014) refers to libinit2.o(.ARM.Collect$$libinit$$0000000F) for .ARM.Collect$$libinit$$0000000F
    libinit2.o(.ARM.Collect$$libinit$$00000016) refers to libinit2.o(.ARM.Collect$$libinit$$0000000F) for .ARM.Collect$$libinit$$0000000F
    libinit2.o(.ARM.Collect$$libinit$$00000018) refers to libinit2.o(.ARM.Collect$$libinit$$0000000F) for .ARM.Collect$$libinit$$0000000F
    libinit2.o(.ARM.Collect$$libinit$$00000024) refers (Weak) to initio.o(.text) for _initio
    libinit2.o(.ARM.Collect$$libinit$$00000026) refers to argv_veneer.o(.text) for __ARM_argv_veneer
    libinit2.o(.ARM.Collect$$libinit$$00000027) refers to argv_veneer.o(.text) for __ARM_argv_veneer
    libshutdown2.o(.ARM.Collect$$libshutdown$$00000003) refers (Weak) to initio.o(.text) for _terminateio
    libshutdown2.o(.ARM.Collect$$libshutdown$$0000000D) refers (Weak) to term_alloc.o(.text) for _terminate_alloc
    flsbuf_fwide.o(.text) refers to flsbuf.o(.text) for __flsbuf
    libspace.o(.text) refers to libspace.o(.bss) for __libspace_start
    rtexit.o(.ARM.Collect$$rtexit$$00000000) refers (Special) to rtexit2.o(.ARM.Collect$$rtexit$$00000004) for __rt_exit_exit
    rtexit.o(.ARM.Collect$$rtexit$$00000000) refers (Special) to rtexit2.o(.ARM.Collect$$rtexit$$00000003) for __rt_exit_ls
    rtexit.o(.ARM.Collect$$rtexit$$00000000) refers (Special) to rtexit2.o(.ARM.Collect$$rtexit$$00000002) for __rt_exit_prels_1
    rtexit.o(.ARM.exidx) refers (Special) to rtexit2.o(.ARM.Collect$$rtexit$$00000004) for __rt_exit_exit
    rtexit.o(.ARM.exidx) refers (Special) to rtexit2.o(.ARM.Collect$$rtexit$$00000003) for __rt_exit_ls
    rtexit.o(.ARM.exidx) refers (Special) to rtexit2.o(.ARM.Collect$$rtexit$$00000002) for __rt_exit_prels_1
    rtexit.o(.ARM.exidx) refers to rtexit.o(.ARM.Collect$$rtexit$$00000000) for .ARM.Collect$$rtexit$$00000000
    rt_raise.o(.text) refers to __raise.o(.text) for __raise
    rt_raise.o(.text) refers to sys_exit.o(.text) for _sys_exit
    rt_heap_descriptor.o(.text) refers to rt_heap_descriptor.o(.bss) for __rt_heap_descriptor_data
    rt_heap_descriptor_intlibspace.o(.text) refers to libspace.o(.bss) for __libspace_start
    init_alloc.o(.text) refers (Special) to hguard.o(.text) for __heap$guard
    init_alloc.o(.text) refers (Special) to libinit2.o(.ARM.Collect$$libinit$$00000005) for __rt_lib_init_heap_2
    init_alloc.o(.text) refers (Special) to maybetermalloc1.o(.emb_text) for _maybe_terminate_alloc
    init_alloc.o(.text) refers to h1_extend.o(.text) for __Heap_ProvideMemory
    init_alloc.o(.text) refers to defsig_rtmem_outer.o(.text) for __rt_SIGRTMEM
    init_alloc.o(.text) refers to rt_heap_descriptor_intlibspace.o(.text) for __rt_heap_descriptor
    init_alloc.o(.text) refers to h1_init.o(.text) for __Heap_Initialize
    malloc.o(.text) refers (Special) to hguard.o(.text) for __heap$guard
    malloc.o(.text) refers (Special) to init_alloc.o(.text) for _init_alloc
    malloc.o(.text) refers to rt_heap_descriptor_intlibspace.o(.text) for __rt_heap_descriptor
    h1_alloc.o(.text) refers (Special) to h1_init.o(.text) for __Heap_Initialize
    h1_alloc.o(.text) refers to rt_heap_descriptor_intlibspace.o(.text) for __rt_heap_descriptor
    h1_alloc.o(.text) refers to init_alloc.o(.text) for __Heap_Full
    h1_alloc_mt.o(.text) refers (Special) to h1_init.o(.text) for __Heap_Initialize
    h1_alloc_mt.o(.text) refers to init_alloc.o(.text) for __Heap_Full
    h1_alloc_mt.o(.text) refers to rt_heap_descriptor_intlibspace.o(.text) for __rt_heap_descriptor
    _printf_char_file_locked.o(.text) refers to _printf_char_common.o(.text) for _printf_char_common
    _printf_char_file_locked.o(.text) refers to fputc.o(i._fputc$unlocked) for _fputc$unlocked
    fseek.o(.text) refers to retarget_io.o(i._sys_istty) for _sys_istty
    fseek.o(.text) refers to ftell.o(.text) for _ftell_internal
    fseek.o(.text) refers to retarget_io.o(i._sys_flen) for _sys_flen
    fseek.o(.text) refers to stdio.o(.text) for _seterr
    stdio.o(.text) refers to retarget_io.o(i._sys_seek) for _sys_seek
    stdio.o(.text) refers to retarget_io.o(i._sys_write) for _sys_write
    fwritefast.o(.text) refers to stdio.o(.text) for _writebuf
    fwritefast.o(.text) refers to flsbuf.o(.text) for __flsbuf_byte
    fwritefast.o(.text) refers to rt_memcpy.o(.text) for __aeabi_memcpy
    fwritefast_locked.o(.text) refers to stdio.o(.text) for _writebuf
    fwritefast_locked.o(.text) refers to flsbuf.o(.text) for __flsbuf_byte
    fwritefast_locked.o(.text) refers to rt_memcpy.o(.text) for __aeabi_memcpy
    defsig_exit.o(.text) refers to sys_exit.o(.text) for _sys_exit
    defsig_fpe_inner.o(.text) refers to defsig_general.o(.text) for __default_signal_display
    defsig_rtred_inner.o(.text) refers to defsig_general.o(.text) for __default_signal_display
    assert_stdio.o(.text) refers to fputs.o(.text) for fputs
    assert_stdio.o(.text) refers to fflush.o(.text) for fflush
    assert_stdio.o(.text) refers to stdio_streams.o(.bss) for __stderr
    sys_exit.o(.text) refers (Special) to use_no_semi.o(.text) for __I$use$semihosting
    sys_exit.o(.text) refers (Special) to indicate_semi.o(.text) for __semihosting_library_function
    rtexit2.o(.ARM.Collect$$rtexit$$00000003) refers to libshutdown.o(.ARM.Collect$$libshutdown$$00000000) for __rt_lib_shutdown
    rtexit2.o(.ARM.Collect$$rtexit$$00000004) refers to sys_exit.o(.text) for _sys_exit
    rtexit2.o(.ARM.exidx) refers to rtexit2.o(.ARM.Collect$$rtexit$$00000001) for .ARM.Collect$$rtexit$$00000001
    rtexit2.o(.ARM.exidx) refers to rtexit2.o(.ARM.Collect$$rtexit$$00000003) for .ARM.Collect$$rtexit$$00000003
    rtexit2.o(.ARM.exidx) refers to rtexit2.o(.ARM.Collect$$rtexit$$00000004) for .ARM.Collect$$rtexit$$00000004
    maybetermalloc2.o(.emb_text) refers (Special) to term_alloc.o(.text) for _terminate_alloc
    h1_extend.o(.text) refers to h1_free.o(.text) for free
    h1_extend_mt.o(.text) refers to h1_free_mt.o(.text) for _free_internal
    fflush.o(.text) refers to stdio.o(.text) for _fflush
    fflush.o(.text) refers to fseek.o(.text) for _fseek
    fflush.o(.text) refers to stdio_streams.o(.bss) for __stdin
    fputs.o(.text) refers to fputc.o(i.fputc) for fputc
    ftell.o(.text) refers to rt_errno_addr_intlibspace.o(.text) for __aeabi_errno_addr
    fflush_locked.o(.text) refers to stdio.o(.text) for _fflush
    fflush_locked.o(.text) refers to fseek.o(.text) for _fseek
    fflush_locked.o(.text) refers to fflush.o(.text) for _do_fflush
    fflush_locked.o(.text) refers to streamlock.o(.data) for _stream_list_lock
    fflush_locked.o(.text) refers to stdio_streams.o(.bss) for __stdin
    __raise.o(.text) refers to defsig.o(CL$$defsig) for __default_signal_handler
    defsig_general.o(.text) refers to sys_wrch.o(.text) for _ttywrch
    defsig_rtmem_outer.o(.text) refers to defsig_rtmem_inner.o(.text) for __rt_SIGRTMEM_inner
    defsig_rtmem_outer.o(.text) refers to defsig_exit.o(.text) for __sig_exit
    defsig_rtmem_formal.o(.text) refers to rt_raise.o(.text) for __rt_raise
    heapauxa.o(.text) refers to heapauxa.o(.data) for .data
    _get_argv.o(.text) refers (Special) to hrguard.o(.text) for __heap_region$guard
    _get_argv.o(.text) refers to h1_alloc.o(.text) for malloc
    _get_argv.o(.text) refers to defsig_rtmem_outer.o(.text) for __rt_SIGRTMEM
    _get_argv.o(.text) refers to sys_command.o(.text) for _sys_command_string
    _get_argv_nomalloc.o(.text) refers (Special) to hrguard.o(.text) for __heap_region$guard
    _get_argv_nomalloc.o(.text) refers to defsig_rtmem_outer.o(.text) for __rt_SIGRTMEM
    _get_argv_nomalloc.o(.text) refers to sys_command.o(.text) for _sys_command_string
    sys_wrch.o(.text) refers (Special) to use_no_semi.o(.text) for __I$use$semihosting
    sys_wrch.o(.text) refers (Special) to indicate_semi.o(.text) for __semihosting_library_function
    sys_command.o(.text) refers (Special) to use_no_semi.o(.text) for __I$use$semihosting
    sys_command.o(.text) refers (Special) to indicate_semi.o(.text) for __semihosting_library_function
    rt_errno_addr.o(.text) refers to rt_errno_addr.o(.bss) for __aeabi_errno_addr_data
    rt_errno_addr_intlibspace.o(.text) refers to libspace.o(.bss) for __libspace_start
    term_alloc.o(.text) refers (Special) to libshutdown2.o(.ARM.Collect$$libshutdown$$0000000E) for __rt_lib_shutdown_heap_2
    term_alloc.o(.text) refers to rt_heap_descriptor_intlibspace.o(.text) for __rt_heap_descriptor
    defsig_rtmem_inner.o(.text) refers to defsig_general.o(.text) for __default_signal_display
    defsig.o(CL$$defsig) refers to defsig_fpe_inner.o(.text) for __rt_SIGFPE_inner
    defsig.o(CL$$defsig) refers to defsig_rtred_inner.o(.text) for __rt_SIGRTRED_inner
    defsig.o(CL$$defsig) refers to defsig_rtmem_inner.o(.text) for __rt_SIGRTMEM_inner
    libshutdown.o(.ARM.Collect$$libshutdown$$00000000) refers (Special) to libshutdown2.o(.ARM.Collect$$libshutdown$$00000002) for __rt_lib_shutdown_cpp_1
    libshutdown.o(.ARM.Collect$$libshutdown$$00000000) refers (Special) to libshutdown2.o(.ARM.Collect$$libshutdown$$00000007) for __rt_lib_shutdown_fp_trap_1
    libshutdown.o(.ARM.Collect$$libshutdown$$00000000) refers (Special) to libshutdown2.o(.ARM.Collect$$libshutdown$$0000000F) for __rt_lib_shutdown_heap_1
    libshutdown.o(.ARM.Collect$$libshutdown$$00000000) refers (Special) to libshutdown2.o(.ARM.Collect$$libshutdown$$00000010) for __rt_lib_shutdown_return
    libshutdown.o(.ARM.Collect$$libshutdown$$00000000) refers (Special) to libshutdown2.o(.ARM.Collect$$libshutdown$$0000000A) for __rt_lib_shutdown_signal_1
    libshutdown.o(.ARM.Collect$$libshutdown$$00000000) refers (Special) to libshutdown2.o(.ARM.Collect$$libshutdown$$00000004) for __rt_lib_shutdown_stdio_1
    libshutdown.o(.ARM.Collect$$libshutdown$$00000000) refers (Special) to libshutdown2.o(.ARM.Collect$$libshutdown$$0000000C) for __rt_lib_shutdown_user_alloc_1
    defsig_abrt_inner.o(.text) refers to defsig_general.o(.text) for __default_signal_display
    defsig_stak_inner.o(.text) refers to defsig_general.o(.text) for __default_signal_display
    defsig_pvfn_inner.o(.text) refers to defsig_general.o(.text) for __default_signal_display
    defsig_cppl_inner.o(.text) refers to defsig_general.o(.text) for __default_signal_display
    defsig_segv_inner.o(.text) refers to defsig_general.o(.text) for __default_signal_display
    defsig_other.o(.text) refers to defsig_general.o(.text) for __default_signal_display


==============================================================================

Removing Unused input sections from the image.

    Removing main.o(.rev16_text), (4 bytes).
    Removing main.o(.revsh_text), (4 bytes).
    Removing main.o(i.Button_GetState), (28 bytes).
    Removing main.o(i.Button_Init), (40 bytes).
    Removing usart_user.o(.rev16_text), (4 bytes).
    Removing usart_user.o(.revsh_text), (4 bytes).
    Removing usart_user.o(i.stdin_getchar), (2 bytes).
    Removing usart_user.o(i.stdin_init), (2 bytes).
    Removing retarget_io.o(i._sys_read), (56 bytes).
    Removing system_stm32f0xx.o(.rev16_text), (4 bytes).
    Removing system_stm32f0xx.o(.revsh_text), (4 bytes).
    Removing system_stm32f0xx.o(i.SystemCoreClockUpdate), (208 bytes).
    Removing system_stm32f0xx.o(.constdata), (16 bytes).

13 unused section(s) (total 376 bytes) removed from the image.

==============================================================================

Image Symbol Table

    Local Symbols

    Symbol Name                              Value     Ov Type        Size  Object(Section)

    ../clib/angel/boardlib.s                 0x00000000   Number         0  boardinit2.o ABSOLUTE
    ../clib/angel/boardlib.s                 0x00000000   Number         0  boardinit3.o ABSOLUTE
    ../clib/angel/boardlib.s                 0x00000000   Number         0  boardinit1.o ABSOLUTE
    ../clib/angel/boardlib.s                 0x00000000   Number         0  boardshut.o ABSOLUTE
    ../clib/angel/handlers.s                 0x00000000   Number         0  __scatter_zi.o ABSOLUTE
    ../clib/angel/handlers.s                 0x00000000   Number         0  __scatter_copy.o ABSOLUTE
    ../clib/angel/kernel.s                   0x00000000   Number         0  rtexit2.o ABSOLUTE
    ../clib/angel/kernel.s                   0x00000000   Number         0  rtexit.o ABSOLUTE
    ../clib/angel/kernel.s                   0x00000000   Number         0  __rtentry4.o ABSOLUTE
    ../clib/angel/kernel.s                   0x00000000   Number         0  __rtentry.o ABSOLUTE
    ../clib/angel/kernel.s                   0x00000000   Number         0  __rtentry2.o ABSOLUTE
    ../clib/angel/rt.s                       0x00000000   Number         0  rt_errno_addr_intlibspace.o ABSOLUTE
    ../clib/angel/rt.s                       0x00000000   Number         0  rt_heap_descriptor_intlibspace.o ABSOLUTE
    ../clib/angel/rt.s                       0x00000000   Number         0  rt_errno_addr.o ABSOLUTE
    ../clib/angel/rt.s                       0x00000000   Number         0  rt_heap_descriptor.o ABSOLUTE
    ../clib/angel/rt.s                       0x00000000   Number         0  rt_div0.o ABSOLUTE
    ../clib/angel/rt.s                       0x00000000   Number         0  aeabi_idiv0.o ABSOLUTE
    ../clib/angel/rt.s                       0x00000000   Number         0  aeabi_idiv0_sigfpe.o ABSOLUTE
    ../clib/angel/rt.s                       0x00000000   Number         0  rt_raise.o ABSOLUTE
    ../clib/angel/scatterp.s                 0x00000000   Number         0  __scatter.o ABSOLUTE
    ../clib/angel/startup.s                  0x00000000   Number         0  __main.o ABSOLUTE
    ../clib/angel/sys.s                      0x00000000   Number         0  mutex_dummy.o ABSOLUTE
    ../clib/angel/sys.s                      0x00000000   Number         0  indicate_semi.o ABSOLUTE
    ../clib/angel/sys.s                      0x00000000   Number         0  sys_stackheap_outer.o ABSOLUTE
    ../clib/angel/sys.s                      0x00000000   Number         0  use_no_semi.o ABSOLUTE
    ../clib/angel/sys.s                      0x00000000   Number         0  tempstk.o ABSOLUTE
    ../clib/angel/sys.s                      0x00000000   Number         0  libspace.o ABSOLUTE
    ../clib/angel/sysapp.c                   0x00000000   Number         0  sys_command.o ABSOLUTE
    ../clib/angel/sysapp.c                   0x00000000   Number         0  sys_wrch.o ABSOLUTE
    ../clib/angel/sysapp.c                   0x00000000   Number         0  sys_exit.o ABSOLUTE
    ../clib/armsys.c                         0x00000000   Number         0  _get_argv.o ABSOLUTE
    ../clib/armsys.c                         0x00000000   Number         0  no_argv.o ABSOLUTE
    ../clib/armsys.c                         0x00000000   Number         0  argv_veneer.o ABSOLUTE
    ../clib/armsys.c                         0x00000000   Number         0  _get_argv_nomalloc.o ABSOLUTE
    ../clib/assert.c                         0x00000000   Number         0  assert_stdio.o ABSOLUTE
    ../clib/division.s                       0x00000000   Number         0  aeabi_sdiv.o ABSOLUTE
    ../clib/division.s                       0x00000000   Number         0  aeabi_sdiv_div0.o ABSOLUTE
    ../clib/heap1.c                          0x00000000   Number         0  h1_free.o ABSOLUTE
    ../clib/heap1.c                          0x00000000   Number         0  h1_final_mt.o ABSOLUTE
    ../clib/heap1.c                          0x00000000   Number         0  h1_alloc.o ABSOLUTE
    ../clib/heap1.c                          0x00000000   Number         0  h1_final.o ABSOLUTE
    ../clib/heap1.c                          0x00000000   Number         0  h1_init.o ABSOLUTE
    ../clib/heap1.c                          0x00000000   Number         0  h1_extend_mt.o ABSOLUTE
    ../clib/heap1.c                          0x00000000   Number         0  h1_extend.o ABSOLUTE
    ../clib/heap1.c                          0x00000000   Number         0  h1_init_mt.o ABSOLUTE
    ../clib/heap1.c                          0x00000000   Number         0  h1_free_mt.o ABSOLUTE
    ../clib/heap1.c                          0x00000000   Number         0  h1_alloc_mt.o ABSOLUTE
    ../clib/heap2.c                          0x00000000   Number         0  heap2mt.o ABSOLUTE
    ../clib/heap2.c                          0x00000000   Number         0  fdtree.o ABSOLUTE
    ../clib/heap2.c                          0x00000000   Number         0  heap2.o ABSOLUTE
    ../clib/heapalloc.c                      0x00000000   Number         0  malloc.o ABSOLUTE
    ../clib/heapalloc.c                      0x00000000   Number         0  init_alloc.o ABSOLUTE
    ../clib/heapalloc.c                      0x00000000   Number         0  free.o ABSOLUTE
    ../clib/heapalloc.c                      0x00000000   Number         0  term_alloc.o ABSOLUTE
    ../clib/heapalloc.c                      0x00000000   Number         0  maybetermalloc1.o ABSOLUTE
    ../clib/heapalloc.c                      0x00000000   Number         0  hrguard.o ABSOLUTE
    ../clib/heapalloc.c                      0x00000000   Number         0  hguard.o ABSOLUTE
    ../clib/heapalloc.c                      0x00000000   Number         0  maybetermalloc1.o ABSOLUTE
    ../clib/heapalloc.c                      0x00000000   Number         0  maybetermalloc2.o ABSOLUTE
    ../clib/heapalloc.c                      0x00000000   Number         0  maybetermalloc2.o ABSOLUTE
    ../clib/heapalloc.c                      0x00000000   Number         0  heapstubs.o ABSOLUTE
    ../clib/heapaux.c                        0x00000000   Number         0  heapauxi.o ABSOLUTE
    ../clib/heapaux.c                        0x00000000   Number         0  heapauxa.o ABSOLUTE
    ../clib/libinit.s                        0x00000000   Number         0  libinit.o ABSOLUTE
    ../clib/libinit.s                        0x00000000   Number         0  libshutdown.o ABSOLUTE
    ../clib/libinit.s                        0x00000000   Number         0  libshutdown2.o ABSOLUTE
    ../clib/libinit.s                        0x00000000   Number         0  libinit2.o ABSOLUTE
    ../clib/memcpset.c                       0x00000000   Number         0  rt_memclr.o ABSOLUTE
    ../clib/memcpset.c                       0x00000000   Number         0  rt_memcpy.o ABSOLUTE
    ../clib/memcpset.c                       0x00000000   Number         0  rt_memcpy.o ABSOLUTE
    ../clib/printf.c                         0x00000000   Number         0  _printf_char_file_locked.o ABSOLUTE
    ../clib/printf.c                         0x00000000   Number         0  _printf_char_file.o ABSOLUTE
    ../clib/printf.c                         0x00000000   Number         0  _printf_char_common.o ABSOLUTE
    ../clib/printf.c                         0x00000000   Number         0  __2printf.o ABSOLUTE
    ../clib/printf.c                         0x00000000   Number         0  __printf_nopercent.o ABSOLUTE
    ../clib/printf.c                         0x00000000   Number         0  noretval__2printf.o ABSOLUTE
    ../clib/signal.c                         0x00000000   Number         0  defsig_other.o ABSOLUTE
    ../clib/signal.c                         0x00000000   Number         0  defsig_rtred_inner.o ABSOLUTE
    ../clib/signal.c                         0x00000000   Number         0  defsig_segv_inner.o ABSOLUTE
    ../clib/signal.c                         0x00000000   Number         0  defsig_fpe_inner.o ABSOLUTE
    ../clib/signal.c                         0x00000000   Number         0  __raise.o ABSOLUTE
    ../clib/signal.c                         0x00000000   Number         0  defsig_rtmem_inner.o ABSOLUTE
    ../clib/signal.c                         0x00000000   Number         0  defsig_abrt_inner.o ABSOLUTE
    ../clib/signal.c                         0x00000000   Number         0  defsig_stak_inner.o ABSOLUTE
    ../clib/signal.c                         0x00000000   Number         0  defsig_general.o ABSOLUTE
    ../clib/signal.c                         0x00000000   Number         0  defsig_rtmem_outer.o ABSOLUTE
    ../clib/signal.c                         0x00000000   Number         0  defsig_pvfn_inner.o ABSOLUTE
    ../clib/signal.c                         0x00000000   Number         0  defsig_exit.o ABSOLUTE
    ../clib/signal.c                         0x00000000   Number         0  defsig_rtred_formal.o ABSOLUTE
    ../clib/signal.c                         0x00000000   Number         0  defsig_cppl_inner.o ABSOLUTE
    ../clib/signal.c                         0x00000000   Number         0  defsig_fpe_outer.o ABSOLUTE
    ../clib/signal.c                         0x00000000   Number         0  defsig_fpe_formal.o ABSOLUTE
    ../clib/signal.c                         0x00000000   Number         0  defsig_rtred_outer.o ABSOLUTE
    ../clib/signal.c                         0x00000000   Number         0  defsig_rtmem_formal.o ABSOLUTE
    ../clib/signal.s                         0x00000000   Number         0  defsig.o ABSOLUTE
    ../clib/stdio.c                          0x00000000   Number         0  fputc_locked.o ABSOLUTE
    ../clib/stdio.c                          0x00000000   Number         0  stdio_streams.o ABSOLUTE
    ../clib/stdio.c                          0x00000000   Number         0  fwritefast_locked.o ABSOLUTE
    ../clib/stdio.c                          0x00000000   Number         0  ferror.o ABSOLUTE
    ../clib/stdio.c                          0x00000000   Number         0  initio_locked.o ABSOLUTE
    ../clib/stdio.c                          0x00000000   Number         0  fputc.o ABSOLUTE
    ../clib/stdio.c                          0x00000000   Number         0  fwritefast.o ABSOLUTE
    ../clib/stdio.c                          0x00000000   Number         0  flsbuf.o ABSOLUTE
    ../clib/stdio.c                          0x00000000   Number         0  initio.o ABSOLUTE
    ../clib/stdio.c                          0x00000000   Number         0  stdio.o ABSOLUTE
    ../clib/stdio.c                          0x00000000   Number         0  streamlock.o ABSOLUTE
    ../clib/stdio.c                          0x00000000   Number         0  fopen.o ABSOLUTE
    ../clib/stdio.c                          0x00000000   Number         0  fseek.o ABSOLUTE
    ../clib/stdio.c                          0x00000000   Number         0  fclose.o ABSOLUTE
    ../clib/stdio.c                          0x00000000   Number         0  ferror_locked.o ABSOLUTE
    ../clib/stdio.c                          0x00000000   Number         0  setvbuf_locked.o ABSOLUTE
    ../clib/stdio.c                          0x00000000   Number         0  fopen_locked.o ABSOLUTE
    ../clib/stdio.c                          0x00000000   Number         0  fflush_locked.o ABSOLUTE
    ../clib/stdio.c                          0x00000000   Number         0  fputs_locked.o ABSOLUTE
    ../clib/stdio.c                          0x00000000   Number         0  ftell.o ABSOLUTE
    ../clib/stdio.c                          0x00000000   Number         0  fputs.o ABSOLUTE
    ../clib/stdio.c                          0x00000000   Number         0  fflush.o ABSOLUTE
    ../clib/stdio.c                          0x00000000   Number         0  setvbuf.o ABSOLUTE
    ../clib/stdlib.c                         0x00000000   Number         0  exit.o ABSOLUTE
    ../clib/string.c                         0x00000000   Number         0  strcmp.o ABSOLUTE
    ../clib/wchar.c                          0x00000000   Number         0  flsbuf_fwide.o ABSOLUTE
    ../fplib/cfplib/fpinit.c                 0x00000000   Number         0  fpinit.o ABSOLUTE
    C:\Keil_v5_M0_NEW\ARM\PACK\Keil\ARM_Compiler\1.4.0\Source\retarget_io.c 0x00000000   Number         0  retarget_io.o ABSOLUTE
    RTE\Device\STM32F072RB\startup_stm32f072xb.s 0x00000000   Number         0  startup_stm32f072xb.o ABSOLUTE
    RTE\Device\STM32F072RB\system_stm32f0xx.c 0x00000000   Number         0  system_stm32f0xx.o ABSOLUTE
    RTE\\Device\\STM32F072RB\\system_stm32f0xx.c 0x00000000   Number         0  system_stm32f0xx.o ABSOLUTE
    dc.s                                     0x00000000   Number         0  dc.o ABSOLUTE
    main.c                                   0x00000000   Number         0  main.o ABSOLUTE
    main.c                                   0x00000000   Number         0  main.o ABSOLUTE
    usart_user.c                             0x00000000   Number         0  usart_user.o ABSOLUTE
    usart_user.c                             0x00000000   Number         0  usart_user.o ABSOLUTE
    RESET                                    0x08000000   Section      192  startup_stm32f072xb.o(RESET)
    !!!main                                  0x080000c0   Section        8  __main.o(!!!main)
    !!!scatter                               0x080000c8   Section       60  __scatter.o(!!!scatter)
    !!handler_copy                           0x08000104   Section       26  __scatter_copy.o(!!handler_copy)
    !!handler_zi                             0x08000120   Section       28  __scatter_zi.o(!!handler_zi)
    .ARM.Collect$$libinit$$00000000          0x0800013c   Section        2  libinit.o(.ARM.Collect$$libinit$$00000000)
    .ARM.Collect$$libinit$$00000002          0x0800013e   Section        0  libinit2.o(.ARM.Collect$$libinit$$00000002)
    .ARM.Collect$$libinit$$00000004          0x0800013e   Section        0  libinit2.o(.ARM.Collect$$libinit$$00000004)
    .ARM.Collect$$libinit$$00000005          0x0800013e   Section        8  libinit2.o(.ARM.Collect$$libinit$$00000005)
    .ARM.Collect$$libinit$$0000000A          0x08000146   Section        0  libinit2.o(.ARM.Collect$$libinit$$0000000A)
    .ARM.Collect$$libinit$$0000000C          0x08000146   Section        0  libinit2.o(.ARM.Collect$$libinit$$0000000C)
    .ARM.Collect$$libinit$$0000000E          0x08000146   Section        0  libinit2.o(.ARM.Collect$$libinit$$0000000E)
    .ARM.Collect$$libinit$$00000011          0x08000146   Section        0  libinit2.o(.ARM.Collect$$libinit$$00000011)
    .ARM.Collect$$libinit$$00000013          0x08000146   Section        0  libinit2.o(.ARM.Collect$$libinit$$00000013)
    .ARM.Collect$$libinit$$00000015          0x08000146   Section        0  libinit2.o(.ARM.Collect$$libinit$$00000015)
    .ARM.Collect$$libinit$$00000017          0x08000146   Section        0  libinit2.o(.ARM.Collect$$libinit$$00000017)
    .ARM.Collect$$libinit$$00000019          0x08000146   Section        0  libinit2.o(.ARM.Collect$$libinit$$00000019)
    .ARM.Collect$$libinit$$0000001B          0x08000146   Section        0  libinit2.o(.ARM.Collect$$libinit$$0000001B)
    .ARM.Collect$$libinit$$0000001D          0x08000146   Section        0  libinit2.o(.ARM.Collect$$libinit$$0000001D)
    .ARM.Collect$$libinit$$0000001F          0x08000146   Section        0  libinit2.o(.ARM.Collect$$libinit$$0000001F)
    .ARM.Collect$$libinit$$00000021          0x08000146   Section        0  libinit2.o(.ARM.Collect$$libinit$$00000021)
    .ARM.Collect$$libinit$$00000023          0x08000146   Section        0  libinit2.o(.ARM.Collect$$libinit$$00000023)
    .ARM.Collect$$libinit$$00000024          0x08000146   Section        4  libinit2.o(.ARM.Collect$$libinit$$00000024)
    .ARM.Collect$$libinit$$00000025          0x0800014a   Section        0  libinit2.o(.ARM.Collect$$libinit$$00000025)
    .ARM.Collect$$libinit$$0000002C          0x0800014a   Section        0  libinit2.o(.ARM.Collect$$libinit$$0000002C)
    .ARM.Collect$$libinit$$0000002E          0x0800014a   Section        0  libinit2.o(.ARM.Collect$$libinit$$0000002E)
    .ARM.Collect$$libinit$$00000030          0x0800014a   Section        0  libinit2.o(.ARM.Collect$$libinit$$00000030)
    .ARM.Collect$$libinit$$00000032          0x0800014a   Section        0  libinit2.o(.ARM.Collect$$libinit$$00000032)
    .ARM.Collect$$libinit$$00000033          0x0800014a   Section        2  libinit2.o(.ARM.Collect$$libinit$$00000033)
    .ARM.Collect$$libshutdown$$00000000      0x0800014c   Section        2  libshutdown.o(.ARM.Collect$$libshutdown$$00000000)
    .ARM.Collect$$libshutdown$$00000002      0x0800014e   Section        0  libshutdown2.o(.ARM.Collect$$libshutdown$$00000002)
    .ARM.Collect$$libshutdown$$00000003      0x0800014e   Section        4  libshutdown2.o(.ARM.Collect$$libshutdown$$00000003)
    .ARM.Collect$$libshutdown$$00000004      0x08000152   Section        0  libshutdown2.o(.ARM.Collect$$libshutdown$$00000004)
    .ARM.Collect$$libshutdown$$00000007      0x08000152   Section        0  libshutdown2.o(.ARM.Collect$$libshutdown$$00000007)
    .ARM.Collect$$libshutdown$$0000000A      0x08000152   Section        0  libshutdown2.o(.ARM.Collect$$libshutdown$$0000000A)
    .ARM.Collect$$libshutdown$$0000000C      0x08000152   Section        0  libshutdown2.o(.ARM.Collect$$libshutdown$$0000000C)
    .ARM.Collect$$libshutdown$$0000000F      0x08000152   Section        0  libshutdown2.o(.ARM.Collect$$libshutdown$$0000000F)
    .ARM.Collect$$libshutdown$$00000010      0x08000152   Section        2  libshutdown2.o(.ARM.Collect$$libshutdown$$00000010)
    .ARM.Collect$$rtentry$$00000000          0x08000154   Section        0  __rtentry.o(.ARM.Collect$$rtentry$$00000000)
    .ARM.Collect$$rtentry$$00000002          0x08000154   Section        0  __rtentry2.o(.ARM.Collect$$rtentry$$00000002)
    .ARM.Collect$$rtentry$$00000004          0x08000154   Section        6  __rtentry4.o(.ARM.Collect$$rtentry$$00000004)
    .ARM.Collect$$rtentry$$00000009          0x0800015a   Section        0  __rtentry2.o(.ARM.Collect$$rtentry$$00000009)
    .ARM.Collect$$rtentry$$0000000A          0x0800015a   Section        4  __rtentry2.o(.ARM.Collect$$rtentry$$0000000A)
    .ARM.Collect$$rtentry$$0000000C          0x0800015e   Section        0  __rtentry2.o(.ARM.Collect$$rtentry$$0000000C)
    .ARM.Collect$$rtentry$$0000000D          0x0800015e   Section        8  __rtentry2.o(.ARM.Collect$$rtentry$$0000000D)
    .ARM.Collect$$rtexit$$00000000           0x08000166   Section        2  rtexit.o(.ARM.Collect$$rtexit$$00000000)
    .ARM.Collect$$rtexit$$00000002           0x08000168   Section        0  rtexit2.o(.ARM.Collect$$rtexit$$00000002)
    .ARM.Collect$$rtexit$$00000003           0x08000168   Section        4  rtexit2.o(.ARM.Collect$$rtexit$$00000003)
    .ARM.Collect$$rtexit$$00000004           0x0800016c   Section        6  rtexit2.o(.ARM.Collect$$rtexit$$00000004)
    .emb_text                                0x08000174   Section       56  rt_memcpy.o(.emb_text)
    .emb_text                                0x080001ac   Section        0  maybetermalloc1.o(.emb_text)
    .text                                    0x080001ac   Section       56  startup_stm32f072xb.o(.text)
    .text                                    0x080001e4   Section        0  noretval__2printf.o(.text)
    .text                                    0x08000200   Section        0  strcmp.o(.text)
    .text                                    0x08000288   Section      346  aeabi_sdiv.o(.text)
    .text                                    0x080003e2   Section        0  heapauxi.o(.text)
    .text                                    0x080003e8   Section        0  _printf_char_file.o(.text)
    .text                                    0x08000410   Section        0  _printf_char_common.o(.text)
    _printf_input_char                       0x08000411   Thumb Code    10  _printf_char_common.o(.text)
    .text                                    0x08000440   Section        0  ferror.o(.text)
    .text                                    0x08000448   Section        0  initio.o(.text)
    .text                                    0x08000584   Section       62  sys_stackheap_outer.o(.text)
    .text                                    0x080005c2   Section        0  h1_free.o(.text)
    .text                                    0x0800060e   Section        0  __printf_nopercent.o(.text)
    .text                                    0x08000634   Section        0  flsbuf.o(.text)
    .text                                    0x08000824   Section        0  setvbuf.o(.text)
    .text                                    0x08000870   Section        0  fopen.o(.text)
    _freopen_locked                          0x08000871   Thumb Code     0  fopen.o(.text)
    .text                                    0x08000958   Section        0  fclose.o(.text)
    .text                                    0x080009a4   Section        0  exit.o(.text)
    .text                                    0x080009b4   Section        0  defsig_rtred_outer.o(.text)
    .text                                    0x080009c0   Section        0  rt_memclr.o(.text)
    .text                                    0x08000a00   Section        8  libspace.o(.text)
    .text                                    0x08000a08   Section        8  rt_heap_descriptor_intlibspace.o(.text)
    .text                                    0x08000a10   Section        0  hguard.o(.text)
    .text                                    0x08000a14   Section        0  init_alloc.o(.text)
    .text                                    0x08000a9c   Section        0  h1_alloc.o(.text)
    .text                                    0x08000b00   Section        0  fseek.o(.text)
    .text                                    0x08000bf4   Section        0  stdio.o(.text)
    .text                                    0x08000ce4   Section        0  defsig_exit.o(.text)
    .text                                    0x08000cf0   Section        0  defsig_rtred_inner.o(.text)
    .text                                    0x08000d24   Section        0  sys_exit.o(.text)
    .text                                    0x08000d30   Section        0  h1_init.o(.text)
    .text                                    0x08000d3e   Section        0  h1_extend.o(.text)
    .text                                    0x08000d72   Section        0  ftell.o(.text)
    .text                                    0x08000db4   Section        0  defsig_general.o(.text)
    .text                                    0x08000de8   Section        0  defsig_rtmem_outer.o(.text)
    .text                                    0x08000df4   Section        0  sys_wrch.o(.text)
    .text                                    0x08000e00   Section        2  use_no_semi.o(.text)
    .text                                    0x08000e02   Section        0  indicate_semi.o(.text)
    .text                                    0x08000e04   Section        8  rt_errno_addr_intlibspace.o(.text)
    .text                                    0x08000e0c   Section        0  defsig_rtmem_inner.o(.text)
    i.ConfigurePA0PA1                        0x08000e5c   Section        0  main.o(i.ConfigurePA0PA1)
    i.ConfigurePB3PB5                        0x08000edc   Section        0  main.o(i.ConfigurePB3PB5)
    i.Configure_PB4_TIMer3                   0x08000f98   Section        0  main.o(i.Configure_PB4_TIMer3)
    i.Configure_Timer2                       0x08001024   Section        0  main.o(i.Configure_Timer2)
    i.Delay                                  0x08001078   Section        0  main.o(i.Delay)
    i.DisablePWM                             0x08001090   Section        0  main.o(i.DisablePWM)
    i.EXTI0_1_IRQHandler                     0x080010ac   Section        0  main.o(i.EXTI0_1_IRQHandler)
    i.EXTI2_3_IRQHandler                     0x080011a8   Section        0  main.o(i.EXTI2_3_IRQHandler)
    i.EXTI4_15_IRQHandler                    0x08001248   Section        0  main.o(i.EXTI4_15_IRQHandler)
    i.EnablePWM                              0x080012dc   Section        0  main.o(i.EnablePWM)
    i.GPIOA_init                             0x08001300   Section        0  main.o(i.GPIOA_init)
    i.LED_off                                0x08001374   Section        0  main.o(i.LED_off)
    i.LED_on                                 0x08001386   Section        0  main.o(i.LED_on)
    i.PlayMelody                             0x08001398   Section        0  main.o(i.PlayMelody)
    i.SelectTone                             0x08001568   Section        0  main.o(i.SelectTone)
    i.SetSysClock                            0x080015a4   Section        0  main.o(i.SetSysClock)
    SetSysClock                              0x080015a5   Thumb Code   124  main.o(i.SetSysClock)
    i.SysTick_Handler                        0x08001630   Section        0  main.o(i.SysTick_Handler)
    i.SystemInit                             0x08001640   Section        0  system_stm32f0xx.o(i.SystemInit)
    i.TIM2Delay                              0x080016b8   Section        0  main.o(i.TIM2Delay)
    i.TIM2_IRQHandler                        0x080016d0   Section        0  main.o(i.TIM2_IRQHandler)
    i.__NVIC_ClearPendingIRQ                 0x080016f0   Section        0  main.o(i.__NVIC_ClearPendingIRQ)
    __NVIC_ClearPendingIRQ                   0x080016f1   Thumb Code    18  main.o(i.__NVIC_ClearPendingIRQ)
    i.__NVIC_EnableIRQ                       0x08001708   Section        0  main.o(i.__NVIC_EnableIRQ)
    __NVIC_EnableIRQ                         0x08001709   Thumb Code    18  main.o(i.__NVIC_EnableIRQ)
    i.__NVIC_SetPriority                     0x08001720   Section        0  main.o(i.__NVIC_SetPriority)
    __NVIC_SetPriority                       0x08001721   Thumb Code   110  main.o(i.__NVIC_SetPriority)
    i._sys_close                             0x08001798   Section        0  retarget_io.o(i._sys_close)
    i._sys_flen                              0x080017c4   Section        0  retarget_io.o(i._sys_flen)
    i._sys_istty                             0x080017ec   Section        0  retarget_io.o(i._sys_istty)
    i._sys_open                              0x08001814   Section        0  retarget_io.o(i._sys_open)
    i._sys_seek                              0x08001884   Section        0  retarget_io.o(i._sys_seek)
    i._sys_write                             0x080018b4   Section        0  retarget_io.o(i._sys_write)
    i.fputc                                  0x080018f8   Section        0  fputc.o(i.fputc)
    i.main                                   0x08001918   Section        0  main.o(i.main)
    i.stdout_init                            0x08001a70   Section        0  usart_user.o(i.stdout_init)
    i.stdout_putchar                         0x08001ae0   Section        0  usart_user.o(i.stdout_putchar)
    .constdata                               0x08001b00   Section      410  main.o(.constdata)
    .constdata                               0x08001c9a   Section       23  retarget_io.o(.constdata)
    .data                                    0x20000000   Section       12  main.o(.data)
    .data                                    0x2000000c   Section        4  system_stm32f0xx.o(.data)
    .data                                    0x20000010   Section        4  stdio_streams.o(.data)
    .data                                    0x20000014   Section        4  stdio_streams.o(.data)
    .data                                    0x20000018   Section        4  stdio_streams.o(.data)
    .bss                                     0x2000001c   Section       84  stdio_streams.o(.bss)
    .bss                                     0x20000070   Section       84  stdio_streams.o(.bss)
    .bss                                     0x200000c4   Section       84  stdio_streams.o(.bss)
    .bss                                     0x20000118   Section       96  libspace.o(.bss)
    HEAP                                     0x20000178   Section      512  startup_stm32f072xb.o(HEAP)
    Heap_Mem                                 0x20000178   Data         512  startup_stm32f072xb.o(HEAP)
    STACK                                    0x20000378   Section     1024  startup_stm32f072xb.o(STACK)
    Stack_Mem                                0x20000378   Data        1024  startup_stm32f072xb.o(STACK)
    __initial_sp                             0x20000778   Data           0  startup_stm32f072xb.o(STACK)

    Global Symbols

    Symbol Name                              Value     Ov Type        Size  Object(Section)

    BuildAttributes$$THM_ISAv3M$S$PE$A:L22$X:L11$S22$IEEE1$IW$USESV6$~STKCKD$USESV7$~SHL$OTIME$ROPI$EBA8$UX$STANDARDLIB$REQ8$PRES8$EABIv2 0x00000000   Number         0  anon$$obj.o ABSOLUTE
    __ARM_use_no_argv                        0x00000000   Number         0  main.o ABSOLUTE
    __ARM_exceptions_init                     - Undefined Weak Reference
    __alloca_initialize                       - Undefined Weak Reference
    __arm_preinit_                            - Undefined Weak Reference
    __cpp_initialize__aeabi_                  - Undefined Weak Reference
    __cxa_finalize                            - Undefined Weak Reference
    __rt_locale                               - Undefined Weak Reference
    __sigvec_lookup                           - Undefined Weak Reference
    __user_heap_extent                        - Undefined Weak Reference
    _atexit_init                              - Undefined Weak Reference
    _call_atexit_fns                          - Undefined Weak Reference
    _clock_init                               - Undefined Weak Reference
    _fp_trap_init                             - Undefined Weak Reference
    _fp_trap_shutdown                         - Undefined Weak Reference
    _get_lc_collate                           - Undefined Weak Reference
    _get_lc_ctype                             - Undefined Weak Reference
    _get_lc_monetary                          - Undefined Weak Reference
    _get_lc_numeric                           - Undefined Weak Reference
    _get_lc_time                              - Undefined Weak Reference
    _getenv_init                              - Undefined Weak Reference
    _handle_redirection                       - Undefined Weak Reference
    _mutex_acquire                            - Undefined Weak Reference
    _mutex_free                               - Undefined Weak Reference
    _mutex_release                            - Undefined Weak Reference
    _rand_init                                - Undefined Weak Reference
    _signal_finish                            - Undefined Weak Reference
    _signal_init                              - Undefined Weak Reference
    __Vectors_Size                           0x000000c0   Number         0  startup_stm32f072xb.o ABSOLUTE
    __Vectors                                0x08000000   Data           4  startup_stm32f072xb.o(RESET)
    __Vectors_End                            0x080000c0   Data           0  startup_stm32f072xb.o(RESET)
    __main                                   0x080000c1   Thumb Code     8  __main.o(!!!main)
    __scatterload                            0x080000c9   Thumb Code     0  __scatter.o(!!!scatter)
    __scatterload_rt2                        0x080000c9   Thumb Code    52  __scatter.o(!!!scatter)
    __scatterload_rt2_thumb_only             0x080000c9   Thumb Code     0  __scatter.o(!!!scatter)
    __scatterload_null                       0x080000d9   Thumb Code     0  __scatter.o(!!!scatter)
    __scatterload_copy                       0x08000105   Thumb Code    26  __scatter_copy.o(!!handler_copy)
    __scatterload_zeroinit                   0x08000121   Thumb Code    28  __scatter_zi.o(!!handler_zi)
    __rt_lib_init                            0x0800013d   Thumb Code     0  libinit.o(.ARM.Collect$$libinit$$00000000)
    __rt_lib_init_fp_1                       0x0800013f   Thumb Code     0  libinit2.o(.ARM.Collect$$libinit$$00000002)
    __rt_lib_init_heap_2                     0x0800013f   Thumb Code     0  libinit2.o(.ARM.Collect$$libinit$$00000005)
    __rt_lib_init_preinit_1                  0x0800013f   Thumb Code     0  libinit2.o(.ARM.Collect$$libinit$$00000004)
    __rt_lib_init_atexit_1                   0x08000147   Thumb Code     0  libinit2.o(.ARM.Collect$$libinit$$0000001B)
    __rt_lib_init_clock_1                    0x08000147   Thumb Code     0  libinit2.o(.ARM.Collect$$libinit$$00000021)
    __rt_lib_init_fp_trap_1                  0x08000147   Thumb Code     0  libinit2.o(.ARM.Collect$$libinit$$0000001F)
    __rt_lib_init_getenv_1                   0x08000147   Thumb Code     0  libinit2.o(.ARM.Collect$$libinit$$00000023)
    __rt_lib_init_heap_1                     0x08000147   Thumb Code     0  libinit2.o(.ARM.Collect$$libinit$$0000000A)
    __rt_lib_init_lc_collate_1               0x08000147   Thumb Code     0  libinit2.o(.ARM.Collect$$libinit$$00000011)
    __rt_lib_init_lc_ctype_1                 0x08000147   Thumb Code     0  libinit2.o(.ARM.Collect$$libinit$$00000013)
    __rt_lib_init_lc_monetary_1              0x08000147   Thumb Code     0  libinit2.o(.ARM.Collect$$libinit$$00000015)
    __rt_lib_init_lc_numeric_1               0x08000147   Thumb Code     0  libinit2.o(.ARM.Collect$$libinit$$00000017)
    __rt_lib_init_lc_time_1                  0x08000147   Thumb Code     0  libinit2.o(.ARM.Collect$$libinit$$00000019)
    __rt_lib_init_rand_1                     0x08000147   Thumb Code     0  libinit2.o(.ARM.Collect$$libinit$$0000000E)
    __rt_lib_init_signal_1                   0x08000147   Thumb Code     0  libinit2.o(.ARM.Collect$$libinit$$0000001D)
    __rt_lib_init_stdio_2                    0x08000147   Thumb Code     0  libinit2.o(.ARM.Collect$$libinit$$00000024)
    __rt_lib_init_user_alloc_1               0x08000147   Thumb Code     0  libinit2.o(.ARM.Collect$$libinit$$0000000C)
    __rt_lib_init_alloca_1                   0x0800014b   Thumb Code     0  libinit2.o(.ARM.Collect$$libinit$$0000002E)
    __rt_lib_init_argv_1                     0x0800014b   Thumb Code     0  libinit2.o(.ARM.Collect$$libinit$$0000002C)
    __rt_lib_init_cpp_1                      0x0800014b   Thumb Code     0  libinit2.o(.ARM.Collect$$libinit$$00000032)
    __rt_lib_init_exceptions_1               0x0800014b   Thumb Code     0  libinit2.o(.ARM.Collect$$libinit$$00000030)
    __rt_lib_init_return                     0x0800014b   Thumb Code     0  libinit2.o(.ARM.Collect$$libinit$$00000033)
    __rt_lib_init_stdio_1                    0x0800014b   Thumb Code     0  libinit2.o(.ARM.Collect$$libinit$$00000025)
    __rt_lib_shutdown                        0x0800014d   Thumb Code     0  libshutdown.o(.ARM.Collect$$libshutdown$$00000000)
    __rt_lib_shutdown_cpp_1                  0x0800014f   Thumb Code     0  libshutdown2.o(.ARM.Collect$$libshutdown$$00000002)
    __rt_lib_shutdown_stdio_2                0x0800014f   Thumb Code     0  libshutdown2.o(.ARM.Collect$$libshutdown$$00000003)
    __rt_lib_shutdown_fp_trap_1              0x08000153   Thumb Code     0  libshutdown2.o(.ARM.Collect$$libshutdown$$00000007)
    __rt_lib_shutdown_heap_1                 0x08000153   Thumb Code     0  libshutdown2.o(.ARM.Collect$$libshutdown$$0000000F)
    __rt_lib_shutdown_return                 0x08000153   Thumb Code     0  libshutdown2.o(.ARM.Collect$$libshutdown$$00000010)
    __rt_lib_shutdown_signal_1               0x08000153   Thumb Code     0  libshutdown2.o(.ARM.Collect$$libshutdown$$0000000A)
    __rt_lib_shutdown_stdio_1                0x08000153   Thumb Code     0  libshutdown2.o(.ARM.Collect$$libshutdown$$00000004)
    __rt_lib_shutdown_user_alloc_1           0x08000153   Thumb Code     0  libshutdown2.o(.ARM.Collect$$libshutdown$$0000000C)
    __rt_entry                               0x08000155   Thumb Code     0  __rtentry.o(.ARM.Collect$$rtentry$$00000000)
    __rt_entry_presh_1                       0x08000155   Thumb Code     0  __rtentry2.o(.ARM.Collect$$rtentry$$00000002)
    __rt_entry_sh                            0x08000155   Thumb Code     0  __rtentry4.o(.ARM.Collect$$rtentry$$00000004)
    __rt_entry_li                            0x0800015b   Thumb Code     0  __rtentry2.o(.ARM.Collect$$rtentry$$0000000A)
    __rt_entry_postsh_1                      0x0800015b   Thumb Code     0  __rtentry2.o(.ARM.Collect$$rtentry$$00000009)
    __rt_entry_main                          0x0800015f   Thumb Code     0  __rtentry2.o(.ARM.Collect$$rtentry$$0000000D)
    __rt_entry_postli_1                      0x0800015f   Thumb Code     0  __rtentry2.o(.ARM.Collect$$rtentry$$0000000C)
    __rt_exit                                0x08000167   Thumb Code     0  rtexit.o(.ARM.Collect$$rtexit$$00000000)
    __rt_exit_ls                             0x08000169   Thumb Code     0  rtexit2.o(.ARM.Collect$$rtexit$$00000003)
    __rt_exit_prels_1                        0x08000169   Thumb Code     0  rtexit2.o(.ARM.Collect$$rtexit$$00000002)
    __rt_exit_exit                           0x0800016d   Thumb Code     0  rtexit2.o(.ARM.Collect$$rtexit$$00000004)
    __aeabi_memcpy4                          0x08000175   Thumb Code    56  rt_memcpy.o(.emb_text)
    __aeabi_memcpy8                          0x08000175   Thumb Code     0  rt_memcpy.o(.emb_text)
    Reset_Handler                            0x080001ad   Thumb Code     8  startup_stm32f072xb.o(.text)
    _maybe_terminate_alloc                   0x080001ad   Thumb Code     0  maybetermalloc1.o(.emb_text)
    NMI_Handler                              0x080001b5   Thumb Code     2  startup_stm32f072xb.o(.text)
    HardFault_Handler                        0x080001b7   Thumb Code     2  startup_stm32f072xb.o(.text)
    SVC_Handler                              0x080001b9   Thumb Code     2  startup_stm32f072xb.o(.text)
    PendSV_Handler                           0x080001bb   Thumb Code     2  startup_stm32f072xb.o(.text)
    ADC1_COMP_IRQHandler                     0x080001bf   Thumb Code     0  startup_stm32f072xb.o(.text)
    CEC_CAN_IRQHandler                       0x080001bf   Thumb Code     0  startup_stm32f072xb.o(.text)
    DMA1_Channel1_IRQHandler                 0x080001bf   Thumb Code     0  startup_stm32f072xb.o(.text)
    DMA1_Channel2_3_IRQHandler               0x080001bf   Thumb Code     0  startup_stm32f072xb.o(.text)
    DMA1_Channel4_5_6_7_IRQHandler           0x080001bf   Thumb Code     0  startup_stm32f072xb.o(.text)
    FLASH_IRQHandler                         0x080001bf   Thumb Code     0  startup_stm32f072xb.o(.text)
    I2C1_IRQHandler                          0x080001bf   Thumb Code     0  startup_stm32f072xb.o(.text)
    I2C2_IRQHandler                          0x080001bf   Thumb Code     0  startup_stm32f072xb.o(.text)
    PVD_VDDIO2_IRQHandler                    0x080001bf   Thumb Code     0  startup_stm32f072xb.o(.text)
    RCC_CRS_IRQHandler                       0x080001bf   Thumb Code     0  startup_stm32f072xb.o(.text)
    RTC_IRQHandler                           0x080001bf   Thumb Code     0  startup_stm32f072xb.o(.text)
    SPI1_IRQHandler                          0x080001bf   Thumb Code     0  startup_stm32f072xb.o(.text)
    SPI2_IRQHandler                          0x080001bf   Thumb Code     0  startup_stm32f072xb.o(.text)
    TIM14_IRQHandler                         0x080001bf   Thumb Code     0  startup_stm32f072xb.o(.text)
    TIM15_IRQHandler                         0x080001bf   Thumb Code     0  startup_stm32f072xb.o(.text)
    TIM16_IRQHandler                         0x080001bf   Thumb Code     0  startup_stm32f072xb.o(.text)
    TIM17_IRQHandler                         0x080001bf   Thumb Code     0  startup_stm32f072xb.o(.text)
    TIM1_BRK_UP_TRG_COM_IRQHandler           0x080001bf   Thumb Code     0  startup_stm32f072xb.o(.text)
    TIM1_CC_IRQHandler                       0x080001bf   Thumb Code     0  startup_stm32f072xb.o(.text)
    TIM3_IRQHandler                          0x080001bf   Thumb Code     0  startup_stm32f072xb.o(.text)
    TIM6_DAC_IRQHandler                      0x080001bf   Thumb Code     0  startup_stm32f072xb.o(.text)
    TIM7_IRQHandler                          0x080001bf   Thumb Code     0  startup_stm32f072xb.o(.text)
    TSC_IRQHandler                           0x080001bf   Thumb Code     0  startup_stm32f072xb.o(.text)
    USART1_IRQHandler                        0x080001bf   Thumb Code     0  startup_stm32f072xb.o(.text)
    USART2_IRQHandler                        0x080001bf   Thumb Code     0  startup_stm32f072xb.o(.text)
    USART3_4_IRQHandler                      0x080001bf   Thumb Code     0  startup_stm32f072xb.o(.text)
    USB_IRQHandler                           0x080001bf   Thumb Code     0  startup_stm32f072xb.o(.text)
    WWDG_IRQHandler                          0x080001bf   Thumb Code     0  startup_stm32f072xb.o(.text)
    __user_initial_stackheap                 0x080001c1   Thumb Code     0  startup_stm32f072xb.o(.text)
    __2printf                                0x080001e5   Thumb Code    22  noretval__2printf.o(.text)
    strcmp                                   0x08000201   Thumb Code   132  strcmp.o(.text)
    __aeabi_uidiv                            0x08000289   Thumb Code     0  aeabi_sdiv.o(.text)
    __aeabi_uidivmod                         0x08000289   Thumb Code    20  aeabi_sdiv.o(.text)
    __aeabi_idiv                             0x0800029d   Thumb Code     0  aeabi_sdiv.o(.text)
    __aeabi_idivmod                          0x0800029d   Thumb Code   326  aeabi_sdiv.o(.text)
    __use_two_region_memory                  0x080003e3   Thumb Code     2  heapauxi.o(.text)
    __rt_heap_escrow                         0x080003e5   Thumb Code     2  heapauxi.o(.text)
    __rt_heap_expand                         0x080003e7   Thumb Code     2  heapauxi.o(.text)
    _printf_char_file                        0x080003e9   Thumb Code    34  _printf_char_file.o(.text)
    _printf_char_common                      0x0800041b   Thumb Code    32  _printf_char_common.o(.text)
    ferror                                   0x08000441   Thumb Code     8  ferror.o(.text)
    _initio                                  0x08000449   Thumb Code   216  initio.o(.text)
    _terminateio                             0x08000521   Thumb Code    56  initio.o(.text)
    __user_setup_stackheap                   0x08000585   Thumb Code    62  sys_stackheap_outer.o(.text)
    free                                     0x080005c3   Thumb Code    76  h1_free.o(.text)
    __printf                                 0x0800060f   Thumb Code    36  __printf_nopercent.o(.text)
    __flsbuf                                 0x08000635   Thumb Code   486  flsbuf.o(.text)
    __flsbuf_byte                            0x08000635   Thumb Code     0  flsbuf.o(.text)
    __flsbuf_wide                            0x08000635   Thumb Code     0  flsbuf.o(.text)
    setvbuf                                  0x08000825   Thumb Code    72  setvbuf.o(.text)
    freopen                                  0x08000871   Thumb Code   148  fopen.o(.text)
    fopen                                    0x08000905   Thumb Code    76  fopen.o(.text)
    _fclose_internal                         0x08000959   Thumb Code    72  fclose.o(.text)
    fclose                                   0x08000959   Thumb Code     0  fclose.o(.text)
    exit                                     0x080009a5   Thumb Code    16  exit.o(.text)
    __rt_SIGRTRED                            0x080009b5   Thumb Code    12  defsig_rtred_outer.o(.text)
    _memset_w                                0x080009c1   Thumb Code    26  rt_memclr.o(.text)
    _memset                                  0x080009db   Thumb Code    30  rt_memclr.o(.text)
    __aeabi_memclr                           0x080009f9   Thumb Code     4  rt_memclr.o(.text)
    __rt_memclr                              0x080009f9   Thumb Code     0  rt_memclr.o(.text)
    __aeabi_memclr4                          0x080009fd   Thumb Code     0  rt_memclr.o(.text)
    __aeabi_memclr8                          0x080009fd   Thumb Code     0  rt_memclr.o(.text)
    __rt_memclr_w                            0x080009fd   Thumb Code     4  rt_memclr.o(.text)
    __user_libspace                          0x08000a01   Thumb Code     8  libspace.o(.text)
    __user_perproc_libspace                  0x08000a01   Thumb Code     0  libspace.o(.text)
    __user_perthread_libspace                0x08000a01   Thumb Code     0  libspace.o(.text)
    __rt_heap_descriptor                     0x08000a09   Thumb Code     8  rt_heap_descriptor_intlibspace.o(.text)
    __use_no_heap                            0x08000a11   Thumb Code     2  hguard.o(.text)
    __heap$guard                             0x08000a13   Thumb Code     2  hguard.o(.text)
    _terminate_user_alloc                    0x08000a15   Thumb Code     2  init_alloc.o(.text)
    _init_user_alloc                         0x08000a17   Thumb Code     2  init_alloc.o(.text)
    __Heap_Full                              0x08000a19   Thumb Code    32  init_alloc.o(.text)
    __Heap_Broken                            0x08000a39   Thumb Code    10  init_alloc.o(.text)
    _init_alloc                              0x08000a43   Thumb Code    90  init_alloc.o(.text)
    malloc                                   0x08000a9d   Thumb Code    98  h1_alloc.o(.text)
    _fseek                                   0x08000b01   Thumb Code   240  fseek.o(.text)
    fseek                                    0x08000b01   Thumb Code     0  fseek.o(.text)
    _seterr                                  0x08000bf5   Thumb Code    20  stdio.o(.text)
    _writebuf                                0x08000c09   Thumb Code    76  stdio.o(.text)
    _fflush                                  0x08000c55   Thumb Code    76  stdio.o(.text)
    _deferredlazyseek                        0x08000ca1   Thumb Code    60  stdio.o(.text)
    __sig_exit                               0x08000ce5   Thumb Code    12  defsig_exit.o(.text)
    __rt_SIGRTRED_inner                      0x08000cf1   Thumb Code    14  defsig_rtred_inner.o(.text)
    _sys_exit                                0x08000d25   Thumb Code     8  sys_exit.o(.text)
    __Heap_Initialize                        0x08000d31   Thumb Code    10  h1_init.o(.text)
    __Heap_DescSize                          0x08000d3b   Thumb Code     4  h1_init.o(.text)
    __Heap_ProvideMemory                     0x08000d3f   Thumb Code    52  h1_extend.o(.text)
    _ftell_internal                          0x08000d73   Thumb Code    66  ftell.o(.text)
    ftell                                    0x08000d73   Thumb Code     0  ftell.o(.text)
    __default_signal_display                 0x08000db5   Thumb Code    52  defsig_general.o(.text)
    __rt_SIGRTMEM                            0x08000de9   Thumb Code    12  defsig_rtmem_outer.o(.text)
    _ttywrch                                 0x08000df5   Thumb Code    12  sys_wrch.o(.text)
    __I$use$semihosting                      0x08000e01   Thumb Code     0  use_no_semi.o(.text)
    __use_no_semihosting_swi                 0x08000e01   Thumb Code     2  use_no_semi.o(.text)
    __semihosting_library_function           0x08000e03   Thumb Code     0  indicate_semi.o(.text)
    __aeabi_errno_addr                       0x08000e05   Thumb Code     8  rt_errno_addr_intlibspace.o(.text)
    __errno$intlibspace                      0x08000e05   Thumb Code     0  rt_errno_addr_intlibspace.o(.text)
    __rt_errno_addr$intlibspace              0x08000e05   Thumb Code     0  rt_errno_addr_intlibspace.o(.text)
    __rt_SIGRTMEM_inner                      0x08000e0d   Thumb Code    22  defsig_rtmem_inner.o(.text)
    ConfigurePA0PA1                          0x08000e5d   Thumb Code   114  main.o(i.ConfigurePA0PA1)
    ConfigurePB3PB5                          0x08000edd   Thumb Code   170  main.o(i.ConfigurePB3PB5)
    Configure_PB4_TIMer3                     0x08000f99   Thumb Code   126  main.o(i.Configure_PB4_TIMer3)
    Configure_Timer2                         0x08001025   Thumb Code    74  main.o(i.Configure_Timer2)
    Delay                                    0x08001079   Thumb Code    20  main.o(i.Delay)
    DisablePWM                               0x08001091   Thumb Code    24  main.o(i.DisablePWM)
    EXTI0_1_IRQHandler                       0x080010ad   Thumb Code   118  main.o(i.EXTI0_1_IRQHandler)
    EXTI2_3_IRQHandler                       0x080011a9   Thumb Code    78  main.o(i.EXTI2_3_IRQHandler)
    EXTI4_15_IRQHandler                      0x08001249   Thumb Code    66  main.o(i.EXTI4_15_IRQHandler)
    EnablePWM                                0x080012dd   Thumb Code    32  main.o(i.EnablePWM)
    GPIOA_init                               0x08001301   Thumb Code   112  main.o(i.GPIOA_init)
    LED_off                                  0x08001375   Thumb Code    18  main.o(i.LED_off)
    LED_on                                   0x08001387   Thumb Code    18  main.o(i.LED_on)
    PlayMelody                               0x08001399   Thumb Code   312  main.o(i.PlayMelody)
    SelectTone                               0x08001569   Thumb Code    52  main.o(i.SelectTone)
    SysTick_Handler                          0x08001631   Thumb Code    12  main.o(i.SysTick_Handler)
    SystemInit                               0x08001641   Thumb Code   102  system_stm32f0xx.o(i.SystemInit)
    TIM2Delay                                0x080016b9   Thumb Code    20  main.o(i.TIM2Delay)
    TIM2_IRQHandler                          0x080016d1   Thumb Code    28  main.o(i.TIM2_IRQHandler)
    _sys_close                               0x08001799   Thumb Code    38  retarget_io.o(i._sys_close)
    _sys_flen                                0x080017c5   Thumb Code    36  retarget_io.o(i._sys_flen)
    _sys_istty                               0x080017ed   Thumb Code    36  retarget_io.o(i._sys_istty)
    _sys_open                                0x08001815   Thumb Code    84  retarget_io.o(i._sys_open)
    _sys_seek                                0x08001885   Thumb Code    44  retarget_io.o(i._sys_seek)
    _sys_write                               0x080018b5   Thumb Code    64  retarget_io.o(i._sys_write)
    fputc                                    0x080018f9   Thumb Code    30  fputc.o(i.fputc)
    main                                     0x08001919   Thumb Code   222  main.o(i.main)
    stdout_init                              0x08001a71   Thumb Code   104  usart_user.o(i.stdout_init)
    stdout_putchar                           0x08001ae1   Thumb Code    26  usart_user.o(i.stdout_putchar)
    __stdin_name                             0x08001c9a   Data           7  retarget_io.o(.constdata)
    __stdout_name                            0x08001ca1   Data           8  retarget_io.o(.constdata)
    __stderr_name                            0x08001ca9   Data           8  retarget_io.o(.constdata)
    Region$$Table$$Base                      0x08001cb4   Number         0  anon$$obj.o(Region$$Table)
    Region$$Table$$Limit                     0x08001cd4   Number         0  anon$$obj.o(Region$$Table)
    msTicks                                  0x20000000   Data           4  main.o(.data)
    TIM2_Ticks                               0x20000004   Data           4  main.o(.data)
    button_press                             0x20000008   Data           4  main.o(.data)
    SystemCoreClock                          0x2000000c   Data           4  system_stm32f0xx.o(.data)
    __aeabi_stdin                            0x20000010   Data           4  stdio_streams.o(.data)
    __aeabi_stdout                           0x20000014   Data           4  stdio_streams.o(.data)
    __aeabi_stderr                           0x20000018   Data           4  stdio_streams.o(.data)
    __stdin                                  0x2000001c   Data          84  stdio_streams.o(.bss)
    __stdout                                 0x20000070   Data          84  stdio_streams.o(.bss)
    __stderr                                 0x200000c4   Data          84  stdio_streams.o(.bss)
    __libspace_start                         0x20000118   Data          96  libspace.o(.bss)
    __temporary_stack_top$libspace           0x20000178   Data           0  libspace.o(.bss)



==============================================================================

Memory Map of the image

  Image Entry point : 0x080001ad

  Load Region LR_1 (Base: 0x08000000, Size: 0x00001cf0, Max: 0xffffffff, ABSOLUTE)

    Execution Region ER_RO (Exec base: 0x08000000, Load base: 0x08000000, Size: 0x00001cd4, Max: 0xffffffff, ABSOLUTE)

    Exec Addr    Load Addr    Size         Type   Attr      Idx    E Section Name        Object

    0x08000000   0x08000000   0x000000c0   Data   RO          313    RESET               startup_stm32f072xb.o
    0x080000c0   0x080000c0   0x00000008   Code   RO          369  * !!!main             c_p.l(__main.o)
    0x080000c8   0x080000c8   0x0000003c   Code   RO          718    !!!scatter          c_p.l(__scatter.o)
    0x08000104   0x08000104   0x0000001a   Code   RO          720    !!handler_copy      c_p.l(__scatter_copy.o)
    0x0800011e   0x0800011e   0x00000002   PAD
    0x08000120   0x08000120   0x0000001c   Code   RO          722    !!handler_zi        c_p.l(__scatter_zi.o)
    0x0800013c   0x0800013c   0x00000002   Code   RO          510    .ARM.Collect$$libinit$$00000000  c_p.l(libinit.o)
    0x0800013e   0x0800013e   0x00000000   Code   RO          512    .ARM.Collect$$libinit$$00000002  c_p.l(libinit2.o)
    0x0800013e   0x0800013e   0x00000000   Code   RO          514    .ARM.Collect$$libinit$$00000004  c_p.l(libinit2.o)
    0x0800013e   0x0800013e   0x00000008   Code   RO          515    .ARM.Collect$$libinit$$00000005  c_p.l(libinit2.o)
    0x08000146   0x08000146   0x00000000   Code   RO          517    .ARM.Collect$$libinit$$0000000A  c_p.l(libinit2.o)
    0x08000146   0x08000146   0x00000000   Code   RO          519    .ARM.Collect$$libinit$$0000000C  c_p.l(libinit2.o)
    0x08000146   0x08000146   0x00000000   Code   RO          521    .ARM.Collect$$libinit$$0000000E  c_p.l(libinit2.o)
    0x08000146   0x08000146   0x00000000   Code   RO          524    .ARM.Collect$$libinit$$00000011  c_p.l(libinit2.o)
    0x08000146   0x08000146   0x00000000   Code   RO          526    .ARM.Collect$$libinit$$00000013  c_p.l(libinit2.o)
    0x08000146   0x08000146   0x00000000   Code   RO          528    .ARM.Collect$$libinit$$00000015  c_p.l(libinit2.o)
    0x08000146   0x08000146   0x00000000   Code   RO          530    .ARM.Collect$$libinit$$00000017  c_p.l(libinit2.o)
    0x08000146   0x08000146   0x00000000   Code   RO          532    .ARM.Collect$$libinit$$00000019  c_p.l(libinit2.o)
    0x08000146   0x08000146   0x00000000   Code   RO          534    .ARM.Collect$$libinit$$0000001B  c_p.l(libinit2.o)
    0x08000146   0x08000146   0x00000000   Code   RO          536    .ARM.Collect$$libinit$$0000001D  c_p.l(libinit2.o)
    0x08000146   0x08000146   0x00000000   Code   RO          538    .ARM.Collect$$libinit$$0000001F  c_p.l(libinit2.o)
    0x08000146   0x08000146   0x00000000   Code   RO          540    .ARM.Collect$$libinit$$00000021  c_p.l(libinit2.o)
    0x08000146   0x08000146   0x00000000   Code   RO          542    .ARM.Collect$$libinit$$00000023  c_p.l(libinit2.o)
    0x08000146   0x08000146   0x00000004   Code   RO          543    .ARM.Collect$$libinit$$00000024  c_p.l(libinit2.o)
    0x0800014a   0x0800014a   0x00000000   Code   RO          544    .ARM.Collect$$libinit$$00000025  c_p.l(libinit2.o)
    0x0800014a   0x0800014a   0x00000000   Code   RO          548    .ARM.Collect$$libinit$$0000002C  c_p.l(libinit2.o)
    0x0800014a   0x0800014a   0x00000000   Code   RO          550    .ARM.Collect$$libinit$$0000002E  c_p.l(libinit2.o)
    0x0800014a   0x0800014a   0x00000000   Code   RO          552    .ARM.Collect$$libinit$$00000030  c_p.l(libinit2.o)
    0x0800014a   0x0800014a   0x00000000   Code   RO          554    .ARM.Collect$$libinit$$00000032  c_p.l(libinit2.o)
    0x0800014a   0x0800014a   0x00000002   Code   RO          555    .ARM.Collect$$libinit$$00000033  c_p.l(libinit2.o)
    0x0800014c   0x0800014c   0x00000002   Code   RO          699    .ARM.Collect$$libshutdown$$00000000  c_p.l(libshutdown.o)
    0x0800014e   0x0800014e   0x00000000   Code   RO          557    .ARM.Collect$$libshutdown$$00000002  c_p.l(libshutdown2.o)
    0x0800014e   0x0800014e   0x00000004   Code   RO          558    .ARM.Collect$$libshutdown$$00000003  c_p.l(libshutdown2.o)
    0x08000152   0x08000152   0x00000000   Code   RO          559    .ARM.Collect$$libshutdown$$00000004  c_p.l(libshutdown2.o)
    0x08000152   0x08000152   0x00000000   Code   RO          562    .ARM.Collect$$libshutdown$$00000007  c_p.l(libshutdown2.o)
    0x08000152   0x08000152   0x00000000   Code   RO          565    .ARM.Collect$$libshutdown$$0000000A  c_p.l(libshutdown2.o)
    0x08000152   0x08000152   0x00000000   Code   RO          567    .ARM.Collect$$libshutdown$$0000000C  c_p.l(libshutdown2.o)
    0x08000152   0x08000152   0x00000000   Code   RO          570    .ARM.Collect$$libshutdown$$0000000F  c_p.l(libshutdown2.o)
    0x08000152   0x08000152   0x00000002   Code   RO          571    .ARM.Collect$$libshutdown$$00000010  c_p.l(libshutdown2.o)
    0x08000154   0x08000154   0x00000000   Code   RO          371    .ARM.Collect$$rtentry$$00000000  c_p.l(__rtentry.o)
    0x08000154   0x08000154   0x00000000   Code   RO          385    .ARM.Collect$$rtentry$$00000002  c_p.l(__rtentry2.o)
    0x08000154   0x08000154   0x00000006   Code   RO          397    .ARM.Collect$$rtentry$$00000004  c_p.l(__rtentry4.o)
    0x0800015a   0x0800015a   0x00000000   Code   RO          387    .ARM.Collect$$rtentry$$00000009  c_p.l(__rtentry2.o)
    0x0800015a   0x0800015a   0x00000004   Code   RO          388    .ARM.Collect$$rtentry$$0000000A  c_p.l(__rtentry2.o)
    0x0800015e   0x0800015e   0x00000000   Code   RO          390    .ARM.Collect$$rtentry$$0000000C  c_p.l(__rtentry2.o)
    0x0800015e   0x0800015e   0x00000008   Code   RO          391    .ARM.Collect$$rtentry$$0000000D  c_p.l(__rtentry2.o)
    0x08000166   0x08000166   0x00000002   Code   RO          578    .ARM.Collect$$rtexit$$00000000  c_p.l(rtexit.o)
    0x08000168   0x08000168   0x00000000   Code   RO          634    .ARM.Collect$$rtexit$$00000002  c_p.l(rtexit2.o)
    0x08000168   0x08000168   0x00000004   Code   RO          635    .ARM.Collect$$rtexit$$00000003  c_p.l(rtexit2.o)
    0x0800016c   0x0800016c   0x00000006   Code   RO          636    .ARM.Collect$$rtexit$$00000004  c_p.l(rtexit2.o)
    0x08000172   0x08000172   0x00000002   PAD
    0x08000174   0x08000174   0x00000038   Code   RO          357    .emb_text           c_p.l(rt_memcpy.o)
    0x080001ac   0x080001ac   0x00000000   Code   RO          640    .emb_text           c_p.l(maybetermalloc1.o)
    0x080001ac   0x080001ac   0x00000038   Code   RO          314  * .text               startup_stm32f072xb.o
    0x080001e4   0x080001e4   0x0000001c   Code   RO          355    .text               c_p.l(noretval__2printf.o)
    0x08000200   0x08000200   0x00000088   Code   RO          361    .text               c_p.l(strcmp.o)
    0x08000288   0x08000288   0x0000015a   Code   RO          363    .text               c_p.l(aeabi_sdiv.o)
    0x080003e2   0x080003e2   0x00000006   Code   RO          367    .text               c_p.l(heapauxi.o)
    0x080003e8   0x080003e8   0x00000028   Code   RO          376    .text               c_p.l(_printf_char_file.o)
    0x08000410   0x08000410   0x00000030   Code   RO          401    .text               c_p.l(_printf_char_common.o)
    0x08000440   0x08000440   0x00000008   Code   RO          403    .text               c_p.l(ferror.o)
    0x08000448   0x08000448   0x0000013c   Code   RO          409    .text               c_p.l(initio.o)
    0x08000584   0x08000584   0x0000003e   Code   RO          419    .text               c_p.l(sys_stackheap_outer.o)
    0x080005c2   0x080005c2   0x0000004c   Code   RO          424    .text               c_p.l(h1_free.o)
    0x0800060e   0x0800060e   0x00000024   Code   RO          478    .text               c_p.l(__printf_nopercent.o)
    0x08000632   0x08000632   0x00000002   PAD
    0x08000634   0x08000634   0x000001f0   Code   RO          480    .text               c_p.l(flsbuf.o)
    0x08000824   0x08000824   0x0000004c   Code   RO          482    .text               c_p.l(setvbuf.o)
    0x08000870   0x08000870   0x000000e8   Code   RO          485    .text               c_p.l(fopen.o)
    0x08000958   0x08000958   0x0000004c   Code   RO          487    .text               c_p.l(fclose.o)
    0x080009a4   0x080009a4   0x00000010   Code   RO          493    .text               c_p.l(exit.o)
    0x080009b4   0x080009b4   0x0000000c   Code   RO          499    .text               c_p.l(defsig_rtred_outer.o)
    0x080009c0   0x080009c0   0x00000040   Code   RO          503    .text               c_p.l(rt_memclr.o)
    0x08000a00   0x08000a00   0x00000008   Code   RO          574    .text               c_p.l(libspace.o)
    0x08000a08   0x08000a08   0x00000008   Code   RO          585    .text               c_p.l(rt_heap_descriptor_intlibspace.o)
    0x08000a10   0x08000a10   0x00000004   Code   RO          587    .text               c_p.l(hguard.o)
    0x08000a14   0x08000a14   0x00000088   Code   RO          589    .text               c_p.l(init_alloc.o)
    0x08000a9c   0x08000a9c   0x00000062   Code   RO          595    .text               c_p.l(h1_alloc.o)
    0x08000afe   0x08000afe   0x00000002   PAD
    0x08000b00   0x08000b00   0x000000f4   Code   RO          611    .text               c_p.l(fseek.o)
    0x08000bf4   0x08000bf4   0x000000f0   Code   RO          613    .text               c_p.l(stdio.o)
    0x08000ce4   0x08000ce4   0x0000000c   Code   RO          619    .text               c_p.l(defsig_exit.o)
    0x08000cf0   0x08000cf0   0x00000034   Code   RO          623    .text               c_p.l(defsig_rtred_inner.o)
    0x08000d24   0x08000d24   0x0000000c   Code   RO          631    .text               c_p.l(sys_exit.o)
    0x08000d30   0x08000d30   0x0000000e   Code   RO          642    .text               c_p.l(h1_init.o)
    0x08000d3e   0x08000d3e   0x00000034   Code   RO          644    .text               c_p.l(h1_extend.o)
    0x08000d72   0x08000d72   0x00000042   Code   RO          654    .text               c_p.l(ftell.o)
    0x08000db4   0x08000db4   0x00000034   Code   RO          662    .text               c_p.l(defsig_general.o)
    0x08000de8   0x08000de8   0x0000000c   Code   RO          664    .text               c_p.l(defsig_rtmem_outer.o)
    0x08000df4   0x08000df4   0x0000000c   Code   RO          677    .text               c_p.l(sys_wrch.o)
    0x08000e00   0x08000e00   0x00000002   Code   RO          681    .text               c_p.l(use_no_semi.o)
    0x08000e02   0x08000e02   0x00000000   Code   RO          683    .text               c_p.l(indicate_semi.o)
    0x08000e02   0x08000e02   0x00000002   PAD
    0x08000e04   0x08000e04   0x00000008   Code   RO          687    .text               c_p.l(rt_errno_addr_intlibspace.o)
    0x08000e0c   0x08000e0c   0x00000050   Code   RO          693    .text               c_p.l(defsig_rtmem_inner.o)
    0x08000e5c   0x08000e5c   0x00000080   Code   RO            5    i.ConfigurePA0PA1   main.o
    0x08000edc   0x08000edc   0x000000bc   Code   RO            6    i.ConfigurePB3PB5   main.o
    0x08000f98   0x08000f98   0x0000008c   Code   RO            7    i.Configure_PB4_TIMer3  main.o
    0x08001024   0x08001024   0x00000054   Code   RO            8    i.Configure_Timer2  main.o
    0x08001078   0x08001078   0x00000018   Code   RO            9    i.Delay             main.o
    0x08001090   0x08001090   0x0000001c   Code   RO           10    i.DisablePWM        main.o
    0x080010ac   0x080010ac   0x000000fc   Code   RO           11    i.EXTI0_1_IRQHandler  main.o
    0x080011a8   0x080011a8   0x000000a0   Code   RO           12    i.EXTI2_3_IRQHandler  main.o
    0x08001248   0x08001248   0x00000094   Code   RO           13    i.EXTI4_15_IRQHandler  main.o
    0x080012dc   0x080012dc   0x00000024   Code   RO           14    i.EnablePWM         main.o
    0x08001300   0x08001300   0x00000074   Code   RO           15    i.GPIOA_init        main.o
    0x08001374   0x08001374   0x00000012   Code   RO           16    i.LED_off           main.o
    0x08001386   0x08001386   0x00000012   Code   RO           17    i.LED_on            main.o
    0x08001398   0x08001398   0x000001d0   Code   RO           18    i.PlayMelody        main.o
    0x08001568   0x08001568   0x0000003c   Code   RO           19    i.SelectTone        main.o
    0x080015a4   0x080015a4   0x0000008c   Code   RO           20    i.SetSysClock       main.o
    0x08001630   0x08001630   0x00000010   Code   RO           21    i.SysTick_Handler   main.o
    0x08001640   0x08001640   0x00000078   Code   RO          321    i.SystemInit        system_stm32f0xx.o
    0x080016b8   0x080016b8   0x00000018   Code   RO           22    i.TIM2Delay         main.o
    0x080016d0   0x080016d0   0x00000020   Code   RO           23    i.TIM2_IRQHandler   main.o
    0x080016f0   0x080016f0   0x00000018   Code   RO           24    i.__NVIC_ClearPendingIRQ  main.o
    0x08001708   0x08001708   0x00000018   Code   RO           25    i.__NVIC_EnableIRQ  main.o
    0x08001720   0x08001720   0x00000078   Code   RO           26    i.__NVIC_SetPriority  main.o
    0x08001798   0x08001798   0x0000002c   Code   RO          244    i._sys_close        retarget_io.o
    0x080017c4   0x080017c4   0x00000028   Code   RO          245    i._sys_flen         retarget_io.o
    0x080017ec   0x080017ec   0x00000028   Code   RO          246    i._sys_istty        retarget_io.o
    0x08001814   0x08001814   0x00000070   Code   RO          247    i._sys_open         retarget_io.o
    0x08001884   0x08001884   0x00000030   Code   RO          249    i._sys_seek         retarget_io.o
    0x080018b4   0x080018b4   0x00000044   Code   RO          250    i._sys_write        retarget_io.o
    0x080018f8   0x080018f8   0x0000001e   Code   RO          406    i.fputc             c_p.l(fputc.o)
    0x08001916   0x08001916   0x00000002   PAD
    0x08001918   0x08001918   0x00000158   Code   RO           27    i.main              main.o
    0x08001a70   0x08001a70   0x00000070   Code   RO          207    i.stdout_init       usart_user.o
    0x08001ae0   0x08001ae0   0x00000020   Code   RO          208    i.stdout_putchar    usart_user.o
    0x08001b00   0x08001b00   0x0000019a   Data   RO           28    .constdata          main.o
    0x08001c9a   0x08001c9a   0x00000017   Data   RO          251    .constdata          retarget_io.o
    0x08001cb1   0x08001cb1   0x00000003   PAD
    0x08001cb4   0x08001cb4   0x00000020   Data   RO          716    Region$$Table       anon$$obj.o


    Execution Region ER_RW (Exec base: 0x20000000, Load base: 0x08001cd4, Size: 0x0000001c, Max: 0xffffffff, ABSOLUTE)

    Exec Addr    Load Addr    Size         Type   Attr      Idx    E Section Name        Object

    0x20000000   0x08001cd4   0x0000000c   Data   RW           29    .data               main.o
    0x2000000c   0x08001ce0   0x00000004   Data   RW          323    .data               system_stm32f0xx.o
    0x20000010   0x08001ce4   0x00000004   Data   RW          381    .data               c_p.l(stdio_streams.o)
    0x20000014   0x08001ce8   0x00000004   Data   RW          382    .data               c_p.l(stdio_streams.o)
    0x20000018   0x08001cec   0x00000004   Data   RW          383    .data               c_p.l(stdio_streams.o)


    Execution Region ER_ZI (Exec base: 0x2000001c, Load base: 0x08001cf0, Size: 0x0000075c, Max: 0xffffffff, ABSOLUTE)

    Exec Addr    Load Addr    Size         Type   Attr      Idx    E Section Name        Object

    0x2000001c        -       0x00000054   Zero   RW          378    .bss                c_p.l(stdio_streams.o)
    0x20000070        -       0x00000054   Zero   RW          379    .bss                c_p.l(stdio_streams.o)
    0x200000c4        -       0x00000054   Zero   RW          380    .bss                c_p.l(stdio_streams.o)
    0x20000118        -       0x00000060   Zero   RW          575    .bss                c_p.l(libspace.o)
    0x20000178        -       0x00000200   Zero   RW          312    HEAP                startup_stm32f072xb.o
    0x20000378        -       0x00000400   Zero   RW          311    STACK               startup_stm32f072xb.o


==============================================================================

Image component sizes


      Code (inc. data)   RO Data    RW Data    ZI Data      Debug   Object Name

      2588        702        410         12          0     204522   main.o
       352         50         23          0          0       5242   retarget_io.o
        56         26        192          0       1536        652   startup_stm32f072xb.o
       120         18          0          4          0       1397   system_stm32f0xx.o
       144         14          0          0          0        887   usart_user.o

    ----------------------------------------------------------------------
      3260        810        660         16       1536     212700   Object Totals
         0          0         32          0          0          0   (incl. Generated)
         0          0          3          0          0          0   (incl. Padding)

    ----------------------------------------------------------------------

      Code (inc. data)   RO Data    RW Data    ZI Data      Debug   Library Member Name

         8          0          0          0          0         68   __main.o
        36          0          0          0          0         76   __printf_nopercent.o
         0          0          0          0          0          0   __rtentry.o
        12          0          0          0          0          0   __rtentry2.o
         6          0          0          0          0          0   __rtentry4.o
        60          8          0          0          0          0   __scatter.o
        26          0          0          0          0          0   __scatter_copy.o
        28          0          0          0          0          0   __scatter_zi.o
        48          6          0          0          0         88   _printf_char_common.o
        40          6          0          0          0         72   _printf_char_file.o
       346          0          0          0          0         92   aeabi_sdiv.o
        12          0          0          0          0         68   defsig_exit.o
        52          0          0          0          0         72   defsig_general.o
        80         58          0          0          0         68   defsig_rtmem_inner.o
        12          0          0          0          0         68   defsig_rtmem_outer.o
        52         38          0          0          0         68   defsig_rtred_inner.o
        12          0          0          0          0         68   defsig_rtred_outer.o
        16          0          0          0          0         68   exit.o
        76          4          0          0          0         76   fclose.o
         8          0          0          0          0         60   ferror.o
       496         10          0          0          0         76   flsbuf.o
       232          8          0          0          0        108   fopen.o
        30          0          0          0          0         68   fputc.o
       244          4          0          0          0         76   fseek.o
        66          0          0          0          0         68   ftell.o
        98          0          0          0          0         72   h1_alloc.o
        52          0          0          0          0         68   h1_extend.o
        76          0          0          0          0         72   h1_free.o
        14          0          0          0          0         76   h1_init.o
         6          0          0          0          0        136   heapauxi.o
         4          0          0          0          0        120   hguard.o
         0          0          0          0          0          0   indicate_semi.o
       136          0          0          0          0        160   init_alloc.o
       316         44          0          0          0         96   initio.o
         2          0          0          0          0          0   libinit.o
        14          0          0          0          0          0   libinit2.o
         2          0          0          0          0          0   libshutdown.o
         6          0          0          0          0          0   libshutdown2.o
         8          4          0          0         96         68   libspace.o
         0          0          0          0          0          0   maybetermalloc1.o
        28          6          0          0          0         84   noretval__2printf.o
         8          4          0          0          0         68   rt_errno_addr_intlibspace.o
         8          4          0          0          0         68   rt_heap_descriptor_intlibspace.o
        64          0          0          0          0        108   rt_memclr.o
        56          0          0          0          0         68   rt_memcpy.o
         2          0          0          0          0          0   rtexit.o
        10          0          0          0          0          0   rtexit2.o
        76          4          0          0          0         72   setvbuf.o
       240          8          0          0          0        144   stdio.o
         0          0          0         12        252          0   stdio_streams.o
       136          4          0          0          0         72   strcmp.o
        12          4          0          0          0         60   sys_exit.o
        62          0          0          0          0         80   sys_stackheap_outer.o
        12          0          0          0          0         68   sys_wrch.o
         2          0          0          0          0         68   use_no_semi.o

    ----------------------------------------------------------------------
      3460        224          0         12        348       3236   Library Totals
        12          0          0          0          0          0   (incl. Padding)

    ----------------------------------------------------------------------

      Code (inc. data)   RO Data    RW Data    ZI Data      Debug   Library Name

      3448        224          0         12        348       3236   c_p.l

    ----------------------------------------------------------------------
      3460        224          0         12        348       3236   Library Totals

    ----------------------------------------------------------------------

==============================================================================


      Code (inc. data)   RO Data    RW Data    ZI Data      Debug   

      6720       1034        660         28       1884     212996   Grand Totals
      6720       1034        660         28       1884     212996   ELF Image Totals
      6720       1034        660         28          0          0   ROM Totals

==============================================================================

    Total RO  Size (Code + RO Data)                 7380 (   7.21kB)
    Total RW  Size (RW Data + ZI Data)              1912 (   1.87kB)
    Total ROM Size (Code + RO Data + RW Data)       7408 (   7.23kB)

==============================================================================

