Component: ARM Compiler 5.06 update 6 (build 750) Tool: armlink [4d35ed]

==============================================================================

Section Cross References

    main.o(i.CMD_off) refers to main.o(.data) for CMD_mode
    main.o(i.CMD_on) refers to main.o(.data) for CMD_mode
    main.o(i.Configure_usart1) refers to main.o(i.__NVIC_SetPriority) for __NVIC_SetPriority
    main.o(i.Delay) refers to main.o(.data) for msTicks
    main.o(i.Display_string) refers to lcd_control.o(i.LCD_Clear) for LCD_Clear
    main.o(i.Display_string) refers to strlen.o(.text) for strlen
    main.o(i.Display_string) refers to lcd_control.o(i.LCD_printstring) for LCD_printstring
    main.o(i.Send_ATCMD) refers to strlen.o(.text) for strlen
    main.o(i.Send_ATCMD) refers to main.o(.data) for Tx_complete
    main.o(i.SetSysClock) refers to system_stm32f0xx.o(.data) for SystemCoreClock
    main.o(i.SysTick_Handler) refers to main.o(.data) for msTicks
    main.o(i.USART1_IRQHandler) refers to main.o(i.__ARM_common_switch8) for __ARM_common_switch8
    main.o(i.USART1_IRQHandler) refers to main.o(i.LED_on) for LED_on
    main.o(i.USART1_IRQHandler) refers to main.o(i.Display_string) for Display_string
    main.o(i.USART1_IRQHandler) refers to main.o(i.LED_off) for LED_off
    main.o(i.USART1_IRQHandler) refers to car_control.o(i.Car_Direction) for Car_Direction
    main.o(i.USART1_IRQHandler) refers to main.o(i.Delay) for Delay
    main.o(i.USART1_IRQHandler) refers to main.o(.data) for CMD_mode
    main.o(i.USART1_IRQHandler) refers to main.o(.constdata) for msg_LED_ON
    main.o(i.main) refers to main.o(i.SetSysClock) for SetSysClock
    main.o(i.main) refers to usart_user.o(i.stdout_init) for stdout_init
    main.o(i.main) refers to uidiv.o(.text) for __aeabi_uidivmod
    main.o(i.main) refers to main.o(i.__NVIC_SetPriority) for __NVIC_SetPriority
    main.o(i.main) refers to main.o(i.Button_Init) for Button_Init
    main.o(i.main) refers to main.o(i.GPIOA_init) for GPIOA_init
    main.o(i.main) refers to main.o(i.Configure_PA9PA10_USART1) for Configure_PA9PA10_USART1
    main.o(i.main) refers to main.o(i.Configure_usart1) for Configure_usart1
    main.o(i.main) refers to car_control.o(i.GPIOC_Init_Car) for GPIOC_Init_Car
    main.o(i.main) refers to lcd_main.o(i.LCD_main) for LCD_main
    main.o(i.main) refers to melody_main.o(i.melody_main) for melody_main
    main.o(i.main) refers to printfb.o(i.__0printf$bare) for __2printf
    main.o(i.main) refers to main.o(i.Send_ATCMD) for Send_ATCMD
    main.o(i.main) refers to main.o(i.Delay) for Delay
    main.o(i.main) refers to melody_main.o(i.PlayMelody) for PlayMelody
    main.o(i.main) refers to car_control.o(i.Car_Direction) for Car_Direction
    main.o(i.main) refers to system_stm32f0xx.o(.data) for SystemCoreClock
    main.o(i.main) refers to main.o(.data) for receive_ptr
    car_control.o(i.Car_Direction) refers to main.o(i.__ARM_common_switch8) for __ARM_common_switch8
    car_control.o(i.Car_Direction) refers to main.o(i.Delay) for Delay
    lcd_control.o(i.I2C_write4bits) refers to lcd_control.o(i.I2C2_SendData) for I2C2_SendData
    lcd_control.o(i.LCD_BacklightOff) refers to lcd_control.o(i.I2C2_SendData) for I2C2_SendData
    lcd_control.o(i.LCD_BacklightOff) refers to lcd_control.o(.data) for BackLight_flag
    lcd_control.o(i.LCD_BacklightOn) refers to lcd_control.o(i.I2C2_SendData) for I2C2_SendData
    lcd_control.o(i.LCD_BacklightOn) refers to lcd_control.o(.data) for BackLight_flag
    lcd_control.o(i.LCD_BlinkCursor) refers to lcd_control.o(i.LCD_command) for LCD_command
    lcd_control.o(i.LCD_BlinkCursor) refers to lcd_control.o(.data) for DisplayControl
    lcd_control.o(i.LCD_Clear) refers to lcd_control.o(i.LCD_command) for LCD_command
    lcd_control.o(i.LCD_Clear) refers to main.o(i.Delay) for Delay
    lcd_control.o(i.LCD_Cursor) refers to lcd_control.o(i.LCD_command) for LCD_command
    lcd_control.o(i.LCD_Cursor) refers to lcd_control.o(.data) for DisplayControl
    lcd_control.o(i.LCD_DisplayOff) refers to lcd_control.o(i.LCD_command) for LCD_command
    lcd_control.o(i.LCD_DisplayOff) refers to lcd_control.o(.data) for DisplayControl
    lcd_control.o(i.LCD_DisplayOn) refers to lcd_control.o(i.LCD_command) for LCD_command
    lcd_control.o(i.LCD_DisplayOn) refers to lcd_control.o(.data) for DisplayControl
    lcd_control.o(i.LCD_Home) refers to lcd_control.o(i.LCD_command) for LCD_command
    lcd_control.o(i.LCD_Home) refers to main.o(i.Delay) for Delay
    lcd_control.o(i.LCD_Init) refers to lcd_control.o(i.I2C2_SendData) for I2C2_SendData
    lcd_control.o(i.LCD_Init) refers to lcd_control.o(i.I2C_write4bits) for I2C_write4bits
    lcd_control.o(i.LCD_Init) refers to main.o(i.Delay) for Delay
    lcd_control.o(i.LCD_Init) refers to lcd_control.o(i.LCD_command) for LCD_command
    lcd_control.o(i.LCD_Init) refers to lcd_control.o(.data) for DisplayFunction
    lcd_control.o(i.LCD_command) refers to lcd_control.o(i.I2C_write4bits) for I2C_write4bits
    lcd_control.o(i.LCD_command) refers to main.o(i.Delay) for Delay
    lcd_control.o(i.LCD_command) refers to lcd_control.o(.data) for BackLight_flag
    lcd_control.o(i.LCD_createChar) refers to lcd_control.o(i.LCD_command) for LCD_command
    lcd_control.o(i.LCD_createChar) refers to lcd_control.o(i.LCD_data) for LCD_data
    lcd_control.o(i.LCD_data) refers to lcd_control.o(i.I2C_write4bits) for I2C_write4bits
    lcd_control.o(i.LCD_data) refers to main.o(i.Delay) for Delay
    lcd_control.o(i.LCD_data) refers to lcd_control.o(.data) for BackLight_flag
    lcd_control.o(i.LCD_noBlinkCursor) refers to lcd_control.o(i.LCD_command) for LCD_command
    lcd_control.o(i.LCD_noBlinkCursor) refers to lcd_control.o(.data) for DisplayControl
    lcd_control.o(i.LCD_noCursor) refers to lcd_control.o(i.LCD_command) for LCD_command
    lcd_control.o(i.LCD_noCursor) refers to lcd_control.o(.data) for DisplayControl
    lcd_control.o(i.LCD_printdata) refers to lcd_control.o(i.LCD_data) for LCD_data
    lcd_control.o(i.LCD_printstring) refers to lcd_control.o(i.LCD_data) for LCD_data
    lcd_control.o(i.LCD_scrollDisplayLeft) refers to lcd_control.o(i.LCD_command) for LCD_command
    lcd_control.o(i.LCD_scrollDisplayRight) refers to lcd_control.o(i.LCD_command) for LCD_command
    lcd_control.o(i.LCD_setCursor) refers to lcd_control.o(i.LCD_command) for LCD_command
    lcd_control.o(i.LCD_setCursor) refers to lcd_control.o(.data) for LCD_line
    lcd_control.o(i.Set_CGRAM) refers to lcd_control.o(i.LCD_createChar) for LCD_createChar
    lcd_control.o(i.Set_CGRAM) refers to lcd_control.o(.constdata) for .constdata
    lcd_main.o(i.LCD_main) refers to lcd_main.o(i.Configure_GPIOB1314_I2C2) for Configure_GPIOB1314_I2C2
    lcd_main.o(i.LCD_main) refers to lcd_main.o(i.Configure_I2C2_Master) for Configure_I2C2_Master
    lcd_main.o(i.LCD_main) refers to lcd_control.o(i.LCD_Init) for LCD_Init
    melody_main.o(i.Configure_Timer2) refers to melody_main.o(i.__NVIC_SetPriority) for __NVIC_SetPriority
    melody_main.o(i.PlayMelody) refers to memcpya.o(.text) for __aeabi_memcpy4
    melody_main.o(i.PlayMelody) refers to melody_main.o(i.EnablePWM) for EnablePWM
    melody_main.o(i.PlayMelody) refers to melody_main.o(i.SelectTone) for SelectTone
    melody_main.o(i.PlayMelody) refers to melody_main.o(i.TIM2Delay) for TIM2Delay
    melody_main.o(i.PlayMelody) refers to melody_main.o(i.DisablePWM) for DisablePWM
    melody_main.o(i.PlayMelody) refers to melody_main.o(.constdata) for .constdata
    melody_main.o(i.SelectTone) refers to memcpya.o(.text) for __aeabi_memcpy4
    melody_main.o(i.SelectTone) refers to melody_main.o(.constdata) for .constdata
    melody_main.o(i.TIM2Delay) refers to melody_main.o(.data) for TIM2_Ticks
    melody_main.o(i.TIM2_IRQHandler) refers to melody_main.o(.data) for TIM2_Ticks
    melody_main.o(i.melody_main) refers to melody_main.o(i.Configure_Timer2) for Configure_Timer2
    melody_main.o(i.melody_main) refers to melody_main.o(i.Configure_PB4_TIMer3) for Configure_PB4_TIMer3
    retarget_io.o(i.__aeabi_assert) refers to fputs.o(i.fputs) for fputs
    retarget_io.o(i.__aeabi_assert) refers to idiv.o(.text) for __aeabi_idivmod
    retarget_io.o(i.__aeabi_assert) refers to retarget_io.o(i.abort) for abort
    retarget_io.o(i.__aeabi_assert) refers to stderr.o(.data) for __stderr
    retarget_io.o(i.fputc) refers to usart_user.o(i.stdout_putchar) for stdout_putchar
    retarget_io.o(i.fputc) refers to stdout.o(.data) for __stdout
    startup_stm32f072xb.o(RESET) refers to startup_stm32f072xb.o(STACK) for __initial_sp
    startup_stm32f072xb.o(RESET) refers to startup_stm32f072xb.o(.text) for Reset_Handler
    startup_stm32f072xb.o(RESET) refers to main.o(i.SysTick_Handler) for SysTick_Handler
    startup_stm32f072xb.o(RESET) refers to melody_main.o(i.TIM2_IRQHandler) for TIM2_IRQHandler
    startup_stm32f072xb.o(RESET) refers to main.o(i.USART1_IRQHandler) for USART1_IRQHandler
    startup_stm32f072xb.o(.text) refers to system_stm32f0xx.o(i.SystemInit) for SystemInit
    startup_stm32f072xb.o(.text) refers to entry.o(.ARM.Collect$$$$00000000) for __main
    system_stm32f0xx.o(i.SystemCoreClockUpdate) refers to uidiv.o(.text) for __aeabi_uidivmod
    system_stm32f0xx.o(i.SystemCoreClockUpdate) refers to system_stm32f0xx.o(.data) for SystemCoreClock
    system_stm32f0xx.o(i.SystemCoreClockUpdate) refers to system_stm32f0xx.o(.constdata) for AHBPrescTable
    entry.o(.ARM.Collect$$$$00000000) refers (Special) to entry10a.o(.ARM.Collect$$$$0000000D) for __rt_final_cpp
    entry.o(.ARM.Collect$$$$00000000) refers (Special) to entry11a.o(.ARM.Collect$$$$0000000F) for __rt_final_exit
    entry.o(.ARM.Collect$$$$00000000) refers (Special) to entry7b.o(.ARM.Collect$$$$00000008) for _main_clock
    entry.o(.ARM.Collect$$$$00000000) refers (Special) to entry8b.o(.ARM.Collect$$$$0000000A) for _main_cpp_init
    entry.o(.ARM.Collect$$$$00000000) refers (Special) to entry9a.o(.ARM.Collect$$$$0000000B) for _main_init
    entry.o(.ARM.Collect$$$$00000000) refers (Special) to entry5.o(.ARM.Collect$$$$00000004) for _main_scatterload
    entry.o(.ARM.Collect$$$$00000000) refers (Special) to entry2.o(.ARM.Collect$$$$00000001) for _main_stk
    fputs.o(i.fputs) refers to retarget_io.o(i.fputc) for fputc
    fputs_e.o(.text) refers to retarget_io.o(i.fputc) for fputc
    idiv.o(.text) refers to uidiv.o(.text) for __aeabi_uidivmod
    printfb.o(i.__0fprintf$bare) refers to printfb.o(i._printf_core) for _printf_core
    printfb.o(i.__0fprintf$bare) refers to retarget_io.o(i.fputc) for fputc
    printfb.o(i.__0printf$bare) refers to printfb.o(i._printf_core) for _printf_core
    printfb.o(i.__0printf$bare) refers to retarget_io.o(i.fputc) for fputc
    printfb.o(i.__0printf$bare) refers to stdout.o(.data) for __stdout
    printfb.o(i.__0snprintf$bare) refers to printfb.o(i._printf_core) for _printf_core
    printfb.o(i.__0snprintf$bare) refers to printfb.o(i._snputc) for _snputc
    printfb.o(i.__0sprintf$bare) refers to printfb.o(i._printf_core) for _printf_core
    printfb.o(i.__0sprintf$bare) refers to printfb.o(i._sputc) for _sputc
    printfb.o(i.__0vfprintf$bare) refers to printfb.o(i._printf_core) for _printf_core
    printfb.o(i.__0vfprintf$bare) refers to retarget_io.o(i.fputc) for fputc
    printfb.o(i.__0vprintf$bare) refers to printfb.o(i._printf_core) for _printf_core
    printfb.o(i.__0vprintf$bare) refers to retarget_io.o(i.fputc) for fputc
    printfb.o(i.__0vprintf$bare) refers to stdout.o(.data) for __stdout
    printfb.o(i.__0vsnprintf$bare) refers to printfb.o(i._printf_core) for _printf_core
    printfb.o(i.__0vsnprintf$bare) refers to printfb.o(i._snputc) for _snputc
    printfb.o(i.__0vsprintf$bare) refers to printfb.o(i._printf_core) for _printf_core
    printfb.o(i.__0vsprintf$bare) refers to printfb.o(i._sputc) for _sputc
    printf0.o(i.__0fprintf$0) refers to printf0.o(i._printf_core) for _printf_core
    printf0.o(i.__0fprintf$0) refers to retarget_io.o(i.fputc) for fputc
    printf0.o(i.__0printf$0) refers to printf0.o(i._printf_core) for _printf_core
    printf0.o(i.__0printf$0) refers to retarget_io.o(i.fputc) for fputc
    printf0.o(i.__0printf$0) refers to stdout.o(.data) for __stdout
    printf0.o(i.__0snprintf$0) refers to printf0.o(i._printf_core) for _printf_core
    printf0.o(i.__0snprintf$0) refers to printf0.o(i._snputc) for _snputc
    printf0.o(i.__0sprintf$0) refers to printf0.o(i._printf_core) for _printf_core
    printf0.o(i.__0sprintf$0) refers to printf0.o(i._sputc) for _sputc
    printf0.o(i.__0vfprintf$0) refers to printf0.o(i._printf_core) for _printf_core
    printf0.o(i.__0vfprintf$0) refers to retarget_io.o(i.fputc) for fputc
    printf0.o(i.__0vprintf$0) refers to printf0.o(i._printf_core) for _printf_core
    printf0.o(i.__0vprintf$0) refers to retarget_io.o(i.fputc) for fputc
    printf0.o(i.__0vprintf$0) refers to stdout.o(.data) for __stdout
    printf0.o(i.__0vsnprintf$0) refers to printf0.o(i._printf_core) for _printf_core
    printf0.o(i.__0vsnprintf$0) refers to printf0.o(i._snputc) for _snputc
    printf0.o(i.__0vsprintf$0) refers to printf0.o(i._printf_core) for _printf_core
    printf0.o(i.__0vsprintf$0) refers to printf0.o(i._sputc) for _sputc
    printf1.o(i.__0fprintf$1) refers to printf1.o(i._printf_core) for _printf_core
    printf1.o(i.__0fprintf$1) refers to retarget_io.o(i.fputc) for fputc
    printf1.o(i.__0printf$1) refers to printf1.o(i._printf_core) for _printf_core
    printf1.o(i.__0printf$1) refers to retarget_io.o(i.fputc) for fputc
    printf1.o(i.__0printf$1) refers to stdout.o(.data) for __stdout
    printf1.o(i.__0snprintf$1) refers to printf1.o(i._printf_core) for _printf_core
    printf1.o(i.__0snprintf$1) refers to printf1.o(i._snputc) for _snputc
    printf1.o(i.__0sprintf$1) refers to printf1.o(i._printf_core) for _printf_core
    printf1.o(i.__0sprintf$1) refers to printf1.o(i._sputc) for _sputc
    printf1.o(i.__0vfprintf$1) refers to printf1.o(i._printf_core) for _printf_core
    printf1.o(i.__0vfprintf$1) refers to retarget_io.o(i.fputc) for fputc
    printf1.o(i.__0vprintf$1) refers to printf1.o(i._printf_core) for _printf_core
    printf1.o(i.__0vprintf$1) refers to retarget_io.o(i.fputc) for fputc
    printf1.o(i.__0vprintf$1) refers to stdout.o(.data) for __stdout
    printf1.o(i.__0vsnprintf$1) refers to printf1.o(i._printf_core) for _printf_core
    printf1.o(i.__0vsnprintf$1) refers to printf1.o(i._snputc) for _snputc
    printf1.o(i.__0vsprintf$1) refers to printf1.o(i._printf_core) for _printf_core
    printf1.o(i.__0vsprintf$1) refers to printf1.o(i._sputc) for _sputc
    printf1.o(i._printf_core) refers to uidiv.o(.text) for __aeabi_uidivmod
    printf2.o(i.__0fprintf$2) refers to printf2.o(i._printf_core) for _printf_core
    printf2.o(i.__0fprintf$2) refers to retarget_io.o(i.fputc) for fputc
    printf2.o(i.__0printf$2) refers to printf2.o(i._printf_core) for _printf_core
    printf2.o(i.__0printf$2) refers to retarget_io.o(i.fputc) for fputc
    printf2.o(i.__0printf$2) refers to stdout.o(.data) for __stdout
    printf2.o(i.__0snprintf$2) refers to printf2.o(i._printf_core) for _printf_core
    printf2.o(i.__0snprintf$2) refers to printf2.o(i._snputc) for _snputc
    printf2.o(i.__0sprintf$2) refers to printf2.o(i._printf_core) for _printf_core
    printf2.o(i.__0sprintf$2) refers to printf2.o(i._sputc) for _sputc
    printf2.o(i.__0vfprintf$2) refers to printf2.o(i._printf_core) for _printf_core
    printf2.o(i.__0vfprintf$2) refers to retarget_io.o(i.fputc) for fputc
    printf2.o(i.__0vprintf$2) refers to printf2.o(i._printf_core) for _printf_core
    printf2.o(i.__0vprintf$2) refers to retarget_io.o(i.fputc) for fputc
    printf2.o(i.__0vprintf$2) refers to stdout.o(.data) for __stdout
    printf2.o(i.__0vsnprintf$2) refers to printf2.o(i._printf_core) for _printf_core
    printf2.o(i.__0vsnprintf$2) refers to printf2.o(i._snputc) for _snputc
    printf2.o(i.__0vsprintf$2) refers to printf2.o(i._printf_core) for _printf_core
    printf2.o(i.__0vsprintf$2) refers to printf2.o(i._sputc) for _sputc
    printf3.o(i.__0fprintf$3) refers to printf3.o(i._printf_core) for _printf_core
    printf3.o(i.__0fprintf$3) refers to retarget_io.o(i.fputc) for fputc
    printf3.o(i.__0printf$3) refers to printf3.o(i._printf_core) for _printf_core
    printf3.o(i.__0printf$3) refers to retarget_io.o(i.fputc) for fputc
    printf3.o(i.__0printf$3) refers to stdout.o(.data) for __stdout
    printf3.o(i.__0snprintf$3) refers to printf3.o(i._printf_core) for _printf_core
    printf3.o(i.__0snprintf$3) refers to printf3.o(i._snputc) for _snputc
    printf3.o(i.__0sprintf$3) refers to printf3.o(i._printf_core) for _printf_core
    printf3.o(i.__0sprintf$3) refers to printf3.o(i._sputc) for _sputc
    printf3.o(i.__0vfprintf$3) refers to printf3.o(i._printf_core) for _printf_core
    printf3.o(i.__0vfprintf$3) refers to retarget_io.o(i.fputc) for fputc
    printf3.o(i.__0vprintf$3) refers to printf3.o(i._printf_core) for _printf_core
    printf3.o(i.__0vprintf$3) refers to retarget_io.o(i.fputc) for fputc
    printf3.o(i.__0vprintf$3) refers to stdout.o(.data) for __stdout
    printf3.o(i.__0vsnprintf$3) refers to printf3.o(i._printf_core) for _printf_core
    printf3.o(i.__0vsnprintf$3) refers to printf3.o(i._snputc) for _snputc
    printf3.o(i.__0vsprintf$3) refers to printf3.o(i._printf_core) for _printf_core
    printf3.o(i.__0vsprintf$3) refers to printf3.o(i._sputc) for _sputc
    printf3.o(i._printf_core) refers to uidiv.o(.text) for __aeabi_uidivmod
    printf4.o(i.__0fprintf$4) refers to printf4.o(i._printf_core) for _printf_core
    printf4.o(i.__0fprintf$4) refers to retarget_io.o(i.fputc) for fputc
    printf4.o(i.__0printf$4) refers to printf4.o(i._printf_core) for _printf_core
    printf4.o(i.__0printf$4) refers to retarget_io.o(i.fputc) for fputc
    printf4.o(i.__0printf$4) refers to stdout.o(.data) for __stdout
    printf4.o(i.__0snprintf$4) refers to printf4.o(i._printf_core) for _printf_core
    printf4.o(i.__0snprintf$4) refers to printf4.o(i._snputc) for _snputc
    printf4.o(i.__0sprintf$4) refers to printf4.o(i._printf_core) for _printf_core
    printf4.o(i.__0sprintf$4) refers to printf4.o(i._sputc) for _sputc
    printf4.o(i.__0vfprintf$4) refers to printf4.o(i._printf_core) for _printf_core
    printf4.o(i.__0vfprintf$4) refers to retarget_io.o(i.fputc) for fputc
    printf4.o(i.__0vprintf$4) refers to printf4.o(i._printf_core) for _printf_core
    printf4.o(i.__0vprintf$4) refers to retarget_io.o(i.fputc) for fputc
    printf4.o(i.__0vprintf$4) refers to stdout.o(.data) for __stdout
    printf4.o(i.__0vsnprintf$4) refers to printf4.o(i._printf_core) for _printf_core
    printf4.o(i.__0vsnprintf$4) refers to printf4.o(i._snputc) for _snputc
    printf4.o(i.__0vsprintf$4) refers to printf4.o(i._printf_core) for _printf_core
    printf4.o(i.__0vsprintf$4) refers to printf4.o(i._sputc) for _sputc
    printf4.o(i._printf_core) refers to uldiv.o(.text) for __aeabi_uldivmod
    printf5.o(i.__0fprintf$5) refers to printf5.o(i._printf_core) for _printf_core
    printf5.o(i.__0fprintf$5) refers to retarget_io.o(i.fputc) for fputc
    printf5.o(i.__0printf$5) refers to printf5.o(i._printf_core) for _printf_core
    printf5.o(i.__0printf$5) refers to retarget_io.o(i.fputc) for fputc
    printf5.o(i.__0printf$5) refers to stdout.o(.data) for __stdout
    printf5.o(i.__0snprintf$5) refers to printf5.o(i._printf_core) for _printf_core
    printf5.o(i.__0snprintf$5) refers to printf5.o(i._snputc) for _snputc
    printf5.o(i.__0sprintf$5) refers to printf5.o(i._printf_core) for _printf_core
    printf5.o(i.__0sprintf$5) refers to printf5.o(i._sputc) for _sputc
    printf5.o(i.__0vfprintf$5) refers to printf5.o(i._printf_core) for _printf_core
    printf5.o(i.__0vfprintf$5) refers to retarget_io.o(i.fputc) for fputc
    printf5.o(i.__0vprintf$5) refers to printf5.o(i._printf_core) for _printf_core
    printf5.o(i.__0vprintf$5) refers to retarget_io.o(i.fputc) for fputc
    printf5.o(i.__0vprintf$5) refers to stdout.o(.data) for __stdout
    printf5.o(i.__0vsnprintf$5) refers to printf5.o(i._printf_core) for _printf_core
    printf5.o(i.__0vsnprintf$5) refers to printf5.o(i._snputc) for _snputc
    printf5.o(i.__0vsprintf$5) refers to printf5.o(i._printf_core) for _printf_core
    printf5.o(i.__0vsprintf$5) refers to printf5.o(i._sputc) for _sputc
    printf5.o(i._printf_core) refers to uldiv.o(.text) for __aeabi_uldivmod
    printf6.o(i.__0fprintf$6) refers to printf6.o(i._printf_core) for _printf_core
    printf6.o(i.__0fprintf$6) refers to retarget_io.o(i.fputc) for fputc
    printf6.o(i.__0printf$6) refers to printf6.o(i._printf_core) for _printf_core
    printf6.o(i.__0printf$6) refers to retarget_io.o(i.fputc) for fputc
    printf6.o(i.__0printf$6) refers to stdout.o(.data) for __stdout
    printf6.o(i.__0snprintf$6) refers to printf6.o(i._printf_core) for _printf_core
    printf6.o(i.__0snprintf$6) refers to printf6.o(i._snputc) for _snputc
    printf6.o(i.__0sprintf$6) refers to printf6.o(i._printf_core) for _printf_core
    printf6.o(i.__0sprintf$6) refers to printf6.o(i._sputc) for _sputc
    printf6.o(i.__0vfprintf$6) refers to printf6.o(i._printf_core) for _printf_core
    printf6.o(i.__0vfprintf$6) refers to retarget_io.o(i.fputc) for fputc
    printf6.o(i.__0vprintf$6) refers to printf6.o(i._printf_core) for _printf_core
    printf6.o(i.__0vprintf$6) refers to retarget_io.o(i.fputc) for fputc
    printf6.o(i.__0vprintf$6) refers to stdout.o(.data) for __stdout
    printf6.o(i.__0vsnprintf$6) refers to printf6.o(i._printf_core) for _printf_core
    printf6.o(i.__0vsnprintf$6) refers to printf6.o(i._snputc) for _snputc
    printf6.o(i.__0vsprintf$6) refers to printf6.o(i._printf_core) for _printf_core
    printf6.o(i.__0vsprintf$6) refers to printf6.o(i._sputc) for _sputc
    printf6.o(i._printf_core) refers to printf6.o(i._printf_pre_padding) for _printf_pre_padding
    printf6.o(i._printf_core) refers to printf6.o(i._printf_post_padding) for _printf_post_padding
    printf6.o(i._printf_core) refers to uidiv.o(.text) for __aeabi_uidivmod
    printf7.o(i.__0fprintf$7) refers to printf7.o(i._printf_core) for _printf_core
    printf7.o(i.__0fprintf$7) refers to retarget_io.o(i.fputc) for fputc
    printf7.o(i.__0printf$7) refers to printf7.o(i._printf_core) for _printf_core
    printf7.o(i.__0printf$7) refers to retarget_io.o(i.fputc) for fputc
    printf7.o(i.__0printf$7) refers to stdout.o(.data) for __stdout
    printf7.o(i.__0snprintf$7) refers to printf7.o(i._printf_core) for _printf_core
    printf7.o(i.__0snprintf$7) refers to printf7.o(i._snputc) for _snputc
    printf7.o(i.__0sprintf$7) refers to printf7.o(i._printf_core) for _printf_core
    printf7.o(i.__0sprintf$7) refers to printf7.o(i._sputc) for _sputc
    printf7.o(i.__0vfprintf$7) refers to printf7.o(i._printf_core) for _printf_core
    printf7.o(i.__0vfprintf$7) refers to retarget_io.o(i.fputc) for fputc
    printf7.o(i.__0vprintf$7) refers to printf7.o(i._printf_core) for _printf_core
    printf7.o(i.__0vprintf$7) refers to retarget_io.o(i.fputc) for fputc
    printf7.o(i.__0vprintf$7) refers to stdout.o(.data) for __stdout
    printf7.o(i.__0vsnprintf$7) refers to printf7.o(i._printf_core) for _printf_core
    printf7.o(i.__0vsnprintf$7) refers to printf7.o(i._snputc) for _snputc
    printf7.o(i.__0vsprintf$7) refers to printf7.o(i._printf_core) for _printf_core
    printf7.o(i.__0vsprintf$7) refers to printf7.o(i._sputc) for _sputc
    printf7.o(i._printf_core) refers to printf7.o(i._printf_pre_padding) for _printf_pre_padding
    printf7.o(i._printf_core) refers to printf7.o(i._printf_post_padding) for _printf_post_padding
    printf7.o(i._printf_core) refers to uldiv.o(.text) for __aeabi_uldivmod
    printf8.o(i.__0fprintf$8) refers to printf8.o(i._printf_core) for _printf_core
    printf8.o(i.__0fprintf$8) refers to retarget_io.o(i.fputc) for fputc
    printf8.o(i.__0printf$8) refers to printf8.o(i._printf_core) for _printf_core
    printf8.o(i.__0printf$8) refers to retarget_io.o(i.fputc) for fputc
    printf8.o(i.__0printf$8) refers to stdout.o(.data) for __stdout
    printf8.o(i.__0snprintf$8) refers to printf8.o(i._printf_core) for _printf_core
    printf8.o(i.__0snprintf$8) refers to printf8.o(i._snputc) for _snputc
    printf8.o(i.__0sprintf$8) refers to printf8.o(i._printf_core) for _printf_core
    printf8.o(i.__0sprintf$8) refers to printf8.o(i._sputc) for _sputc
    printf8.o(i.__0vfprintf$8) refers to printf8.o(i._printf_core) for _printf_core
    printf8.o(i.__0vfprintf$8) refers to retarget_io.o(i.fputc) for fputc
    printf8.o(i.__0vprintf$8) refers to printf8.o(i._printf_core) for _printf_core
    printf8.o(i.__0vprintf$8) refers to retarget_io.o(i.fputc) for fputc
    printf8.o(i.__0vprintf$8) refers to stdout.o(.data) for __stdout
    printf8.o(i.__0vsnprintf$8) refers to printf8.o(i._printf_core) for _printf_core
    printf8.o(i.__0vsnprintf$8) refers to printf8.o(i._snputc) for _snputc
    printf8.o(i.__0vsprintf$8) refers to printf8.o(i._printf_core) for _printf_core
    printf8.o(i.__0vsprintf$8) refers to printf8.o(i._sputc) for _sputc
    printf8.o(i._printf_core) refers to printf8.o(i._printf_pre_padding) for _printf_pre_padding
    printf8.o(i._printf_core) refers to printf8.o(i._printf_post_padding) for _printf_post_padding
    printf8.o(i._printf_core) refers to uldiv.o(.text) for __aeabi_uldivmod
    printfa.o(i.__0fprintf) refers (Special) to iusefp.o(.text) for __I$use$fp
    printfa.o(i.__0fprintf) refers to printfa.o(i._printf_core) for _printf_core
    printfa.o(i.__0fprintf) refers to retarget_io.o(i.fputc) for fputc
    printfa.o(i.__0printf) refers (Special) to iusefp.o(.text) for __I$use$fp
    printfa.o(i.__0printf) refers to printfa.o(i._printf_core) for _printf_core
    printfa.o(i.__0printf) refers to retarget_io.o(i.fputc) for fputc
    printfa.o(i.__0printf) refers to stdout.o(.data) for __stdout
    printfa.o(i.__0snprintf) refers (Special) to iusefp.o(.text) for __I$use$fp
    printfa.o(i.__0snprintf) refers to printfa.o(i._printf_core) for _printf_core
    printfa.o(i.__0snprintf) refers to printfa.o(i._snputc) for _snputc
    printfa.o(i.__0sprintf) refers (Special) to iusefp.o(.text) for __I$use$fp
    printfa.o(i.__0sprintf) refers to printfa.o(i._printf_core) for _printf_core
    printfa.o(i.__0sprintf) refers to printfa.o(i._sputc) for _sputc
    printfa.o(i.__0vfprintf) refers (Special) to iusefp.o(.text) for __I$use$fp
    printfa.o(i.__0vfprintf) refers to printfa.o(i._printf_core) for _printf_core
    printfa.o(i.__0vfprintf) refers to retarget_io.o(i.fputc) for fputc
    printfa.o(i.__0vprintf) refers (Special) to iusefp.o(.text) for __I$use$fp
    printfa.o(i.__0vprintf) refers to printfa.o(i._printf_core) for _printf_core
    printfa.o(i.__0vprintf) refers to retarget_io.o(i.fputc) for fputc
    printfa.o(i.__0vprintf) refers to stdout.o(.data) for __stdout
    printfa.o(i.__0vsnprintf) refers (Special) to iusefp.o(.text) for __I$use$fp
    printfa.o(i.__0vsnprintf) refers to printfa.o(i._printf_core) for _printf_core
    printfa.o(i.__0vsnprintf) refers to printfa.o(i._snputc) for _snputc
    printfa.o(i.__0vsprintf) refers (Special) to iusefp.o(.text) for __I$use$fp
    printfa.o(i.__0vsprintf) refers to printfa.o(i._printf_core) for _printf_core
    printfa.o(i.__0vsprintf) refers to printfa.o(i._sputc) for _sputc
    printfa.o(i._fp_digits) refers (Special) to iusefp.o(.text) for __I$use$fp
    printfa.o(i._fp_digits) refers to dmul.o(.text) for __aeabi_dmul
    printfa.o(i._fp_digits) refers to ddiv.o(.text) for __aeabi_ddiv
    printfa.o(i._fp_digits) refers to cdrcmple.o(.text) for __aeabi_cdrcmple
    printfa.o(i._fp_digits) refers to dadd.o(.text) for __aeabi_dadd
    printfa.o(i._fp_digits) refers to dfixul.o(.text) for __aeabi_d2ulz
    printfa.o(i._fp_digits) refers to uldiv.o(.text) for __aeabi_uldivmod
    printfa.o(i._printf_core) refers (Special) to iusefp.o(.text) for __I$use$fp
    printfa.o(i._printf_core) refers to printfa.o(i._printf_pre_padding) for _printf_pre_padding
    printfa.o(i._printf_core) refers to uldiv.o(.text) for __aeabi_uldivmod
    printfa.o(i._printf_core) refers to printfa.o(i._printf_post_padding) for _printf_post_padding
    printfa.o(i._printf_core) refers to printfa.o(i._fp_digits) for _fp_digits
    printfa.o(i._printf_core) refers to uidiv.o(.text) for __aeabi_uidivmod
    printfa.o(i._printf_post_padding) refers (Special) to iusefp.o(.text) for __I$use$fp
    printfa.o(i._printf_pre_padding) refers (Special) to iusefp.o(.text) for __I$use$fp
    printfa.o(i._snputc) refers (Special) to iusefp.o(.text) for __I$use$fp
    printfa.o(i._sputc) refers (Special) to iusefp.o(.text) for __I$use$fp
    entry2.o(.ARM.Collect$$$$00000001) refers to entry2.o(.ARM.Collect$$$$00002712) for __lit__00000000
    entry2.o(.ARM.Collect$$$$00002712) refers to startup_stm32f072xb.o(STACK) for __initial_sp
    entry2.o(__vectab_stack_and_reset_area) refers to startup_stm32f072xb.o(STACK) for __initial_sp
    entry2.o(__vectab_stack_and_reset_area) refers to entry.o(.ARM.Collect$$$$00000000) for __main
    entry5.o(.ARM.Collect$$$$00000004) refers to init.o(.text) for __scatterload
    entry9a.o(.ARM.Collect$$$$0000000B) refers to main.o(i.main) for main
    entry9b.o(.ARM.Collect$$$$0000000C) refers to main.o(i.main) for main
    uldiv.o(.text) refers to llushr.o(.text) for __aeabi_llsr
    uldiv.o(.text) refers to llshl.o(.text) for __aeabi_llsl
    dadd.o(.text) refers to llshl.o(.text) for __aeabi_llsl
    dadd.o(.text) refers to llsshr.o(.text) for __aeabi_lasr
    dadd.o(.text) refers to depilogue.o(.text) for _double_epilogue
    dmul.o(.text) refers to depilogue.o(.text) for _double_epilogue
    ddiv.o(.text) refers to depilogue.o(.text) for _double_round
    dfixul.o(.text) refers to llushr.o(.text) for __aeabi_llsr
    dfixul.o(.text) refers to llshl.o(.text) for __aeabi_llsl
    init.o(.text) refers to entry5.o(.ARM.Collect$$$$00000004) for __main_after_scatterload
    depilogue.o(.text) refers to depilogue.o(i.__ARM_clz) for __ARM_clz
    depilogue.o(.text) refers to llshl.o(.text) for __aeabi_llsl
    depilogue.o(.text) refers to llushr.o(.text) for __aeabi_llsr


==============================================================================

Removing Unused input sections from the image.

    Removing main.o(.rev16_text), (4 bytes).
    Removing main.o(.revsh_text), (4 bytes).
    Removing main.o(i.Button_GetState), (28 bytes).
    Removing main.o(i.CMD_off), (28 bytes).
    Removing main.o(i.CMD_on), (28 bytes).
    Removing usart_user.o(.rev16_text), (4 bytes).
    Removing usart_user.o(.revsh_text), (4 bytes).
    Removing usart_user.o(i.stdin_getchar), (2 bytes).
    Removing usart_user.o(i.stdin_init), (2 bytes).
    Removing car_control.o(.rev16_text), (4 bytes).
    Removing car_control.o(.revsh_text), (4 bytes).
    Removing car_control.o(.data), (1 bytes).
    Removing lcd_control.o(.rev16_text), (4 bytes).
    Removing lcd_control.o(.revsh_text), (4 bytes).
    Removing lcd_control.o(i.LCD_BacklightOff), (44 bytes).
    Removing lcd_control.o(i.LCD_BacklightOn), (44 bytes).
    Removing lcd_control.o(i.LCD_BlinkCursor), (32 bytes).
    Removing lcd_control.o(i.LCD_Cursor), (32 bytes).
    Removing lcd_control.o(i.LCD_DisplayOff), (32 bytes).
    Removing lcd_control.o(i.LCD_DisplayOn), (32 bytes).
    Removing lcd_control.o(i.LCD_Home), (16 bytes).
    Removing lcd_control.o(i.LCD_createChar), (42 bytes).
    Removing lcd_control.o(i.LCD_noBlinkCursor), (32 bytes).
    Removing lcd_control.o(i.LCD_noCursor), (32 bytes).
    Removing lcd_control.o(i.LCD_printdata), (12 bytes).
    Removing lcd_control.o(i.LCD_scrollDisplayLeft), (10 bytes).
    Removing lcd_control.o(i.LCD_scrollDisplayRight), (10 bytes).
    Removing lcd_control.o(i.LCD_setCursor), (56 bytes).
    Removing lcd_control.o(i.Set_CGRAM), (100 bytes).
    Removing lcd_control.o(.constdata), (40 bytes).
    Removing lcd_main.o(.rev16_text), (4 bytes).
    Removing lcd_main.o(.revsh_text), (4 bytes).
    Removing melody_main.o(.rev16_text), (4 bytes).
    Removing melody_main.o(.revsh_text), (4 bytes).
    Removing retarget_io.o(i.__aeabi_assert), (156 bytes).
    Removing retarget_io.o(i.__backspace), (8 bytes).
    Removing retarget_io.o(i.abort), (4 bytes).
    Removing retarget_io.o(i.fgetc), (8 bytes).
    Removing startup_stm32f072xb.o(HEAP), (512 bytes).
    Removing system_stm32f0xx.o(.rev16_text), (4 bytes).
    Removing system_stm32f0xx.o(.revsh_text), (4 bytes).
    Removing system_stm32f0xx.o(i.SystemCoreClockUpdate), (208 bytes).
    Removing system_stm32f0xx.o(.constdata), (16 bytes).
    Removing dadd.o(.text), (356 bytes).
    Removing dmul.o(.text), (208 bytes).
    Removing ddiv.o(.text), (240 bytes).
    Removing dfixul.o(.text), (64 bytes).
    Removing cdrcmple.o(.text), (40 bytes).
    Removing depilogue.o(.text), (190 bytes).
    Removing depilogue.o(i.__ARM_clz), (46 bytes).

50 unused section(s) (total 2767 bytes) removed from the image.

==============================================================================

Image Symbol Table

    Local Symbols

    Symbol Name                              Value     Ov Type        Size  Object(Section)

    ../clib/microlib/division.c              0x00000000   Number         0  uldiv.o ABSOLUTE
    ../clib/microlib/division.c              0x00000000   Number         0  idiv.o ABSOLUTE
    ../clib/microlib/division.c              0x00000000   Number         0  uidiv.o ABSOLUTE
    ../clib/microlib/init/entry.s            0x00000000   Number         0  entry9a.o ABSOLUTE
    ../clib/microlib/init/entry.s            0x00000000   Number         0  entry11a.o ABSOLUTE
    ../clib/microlib/init/entry.s            0x00000000   Number         0  entry10b.o ABSOLUTE
    ../clib/microlib/init/entry.s            0x00000000   Number         0  entry10a.o ABSOLUTE
    ../clib/microlib/init/entry.s            0x00000000   Number         0  entry9b.o ABSOLUTE
    ../clib/microlib/init/entry.s            0x00000000   Number         0  entry8b.o ABSOLUTE
    ../clib/microlib/init/entry.s            0x00000000   Number         0  entry5.o ABSOLUTE
    ../clib/microlib/init/entry.s            0x00000000   Number         0  entry11b.o ABSOLUTE
    ../clib/microlib/init/entry.s            0x00000000   Number         0  entry8a.o ABSOLUTE
    ../clib/microlib/init/entry.s            0x00000000   Number         0  entry2.o ABSOLUTE
    ../clib/microlib/init/entry.s            0x00000000   Number         0  entry7a.o ABSOLUTE
    ../clib/microlib/init/entry.s            0x00000000   Number         0  entry.o ABSOLUTE
    ../clib/microlib/init/entry.s            0x00000000   Number         0  entry7b.o ABSOLUTE
    ../clib/microlib/longlong.c              0x00000000   Number         0  llshl.o ABSOLUTE
    ../clib/microlib/longlong.c              0x00000000   Number         0  llsshr.o ABSOLUTE
    ../clib/microlib/longlong.c              0x00000000   Number         0  llushr.o ABSOLUTE
    ../clib/microlib/printf/printf.c         0x00000000   Number         0  printfb.o ABSOLUTE
    ../clib/microlib/printf/printf.c         0x00000000   Number         0  printf2.o ABSOLUTE
    ../clib/microlib/printf/printf.c         0x00000000   Number         0  printfa.o ABSOLUTE
    ../clib/microlib/printf/printf.c         0x00000000   Number         0  printf8.o ABSOLUTE
    ../clib/microlib/printf/printf.c         0x00000000   Number         0  printf7.o ABSOLUTE
    ../clib/microlib/printf/printf.c         0x00000000   Number         0  printf6.o ABSOLUTE
    ../clib/microlib/printf/printf.c         0x00000000   Number         0  printf5.o ABSOLUTE
    ../clib/microlib/printf/printf.c         0x00000000   Number         0  printf4.o ABSOLUTE
    ../clib/microlib/printf/printf.c         0x00000000   Number         0  printf3.o ABSOLUTE
    ../clib/microlib/printf/printf.c         0x00000000   Number         0  printf0.o ABSOLUTE
    ../clib/microlib/printf/printf.c         0x00000000   Number         0  printf1.o ABSOLUTE
    ../clib/microlib/stdio/fputs.c           0x00000000   Number         0  fputs.o ABSOLUTE
    ../clib/microlib/stdio/fputs.c           0x00000000   Number         0  fputs_e.o ABSOLUTE
    ../clib/microlib/stdio/streams.c         0x00000000   Number         0  stdout.o ABSOLUTE
    ../clib/microlib/stdio/streams.c         0x00000000   Number         0  stderr.o ABSOLUTE
    ../clib/microlib/string/memcpy.c         0x00000000   Number         0  memcpyb.o ABSOLUTE
    ../clib/microlib/string/memcpy.c         0x00000000   Number         0  memcpya.o ABSOLUTE
    ../clib/microlib/string/strlen.c         0x00000000   Number         0  strlen.o ABSOLUTE
    ../clib/microlib/stubs.s                 0x00000000   Number         0  iusefp.o ABSOLUTE
    ../fplib/microlib/fpadd.c                0x00000000   Number         0  dadd.o ABSOLUTE
    ../fplib/microlib/fpdiv.c                0x00000000   Number         0  ddiv.o ABSOLUTE
    ../fplib/microlib/fpepilogue.c           0x00000000   Number         0  depilogue.o ABSOLUTE
    ../fplib/microlib/fpfix.c                0x00000000   Number         0  dfixul.o ABSOLUTE
    ../fplib/microlib/fpmul.c                0x00000000   Number         0  dmul.o ABSOLUTE
    C:\Keil_v5_M0_NEW\ARM\PACK\Keil\ARM_Compiler\1.4.0\Source\retarget_io.c 0x00000000   Number         0  retarget_io.o ABSOLUTE
    LCD_control.c                            0x00000000   Number         0  lcd_control.o ABSOLUTE
    LCD_control.c                            0x00000000   Number         0  lcd_control.o ABSOLUTE
    LCD_main.c                               0x00000000   Number         0  lcd_main.o ABSOLUTE
    LCD_main.c                               0x00000000   Number         0  lcd_main.o ABSOLUTE
    Melody_main.c                            0x00000000   Number         0  melody_main.o ABSOLUTE
    Melody_main.c                            0x00000000   Number         0  melody_main.o ABSOLUTE
    RTE\Device\STM32F072RB\startup_stm32f072xb.s 0x00000000   Number         0  startup_stm32f072xb.o ABSOLUTE
    RTE\Device\STM32F072RB\system_stm32f0xx.c 0x00000000   Number         0  system_stm32f0xx.o ABSOLUTE
    RTE\\Device\\STM32F072RB\\system_stm32f0xx.c 0x00000000   Number         0  system_stm32f0xx.o ABSOLUTE
    car_control.c                            0x00000000   Number         0  car_control.o ABSOLUTE
    car_control.c                            0x00000000   Number         0  car_control.o ABSOLUTE
    cdrcmple.s                               0x00000000   Number         0  cdrcmple.o ABSOLUTE
    dc.s                                     0x00000000   Number         0  dc.o ABSOLUTE
    handlers.s                               0x00000000   Number         0  handlers.o ABSOLUTE
    init.s                                   0x00000000   Number         0  init.o ABSOLUTE
    main.c                                   0x00000000   Number         0  main.o ABSOLUTE
    main.c                                   0x00000000   Number         0  main.o ABSOLUTE
    usart_user.c                             0x00000000   Number         0  usart_user.o ABSOLUTE
    usart_user.c                             0x00000000   Number         0  usart_user.o ABSOLUTE
    RESET                                    0x08000000   Section      192  startup_stm32f072xb.o(RESET)
    .ARM.Collect$$$$00000000                 0x080000c0   Section        0  entry.o(.ARM.Collect$$$$00000000)
    .ARM.Collect$$$$00000001                 0x080000c0   Section        4  entry2.o(.ARM.Collect$$$$00000001)
    .ARM.Collect$$$$00000004                 0x080000c4   Section        4  entry5.o(.ARM.Collect$$$$00000004)
    .ARM.Collect$$$$00000008                 0x080000c8   Section        0  entry7b.o(.ARM.Collect$$$$00000008)
    .ARM.Collect$$$$0000000A                 0x080000c8   Section        0  entry8b.o(.ARM.Collect$$$$0000000A)
    .ARM.Collect$$$$0000000B                 0x080000c8   Section        8  entry9a.o(.ARM.Collect$$$$0000000B)
    .ARM.Collect$$$$0000000D                 0x080000d0   Section        0  entry10a.o(.ARM.Collect$$$$0000000D)
    .ARM.Collect$$$$0000000F                 0x080000d0   Section        0  entry11a.o(.ARM.Collect$$$$0000000F)
    .ARM.Collect$$$$00002712                 0x080000d0   Section        4  entry2.o(.ARM.Collect$$$$00002712)
    __lit__00000000                          0x080000d0   Data           4  entry2.o(.ARM.Collect$$$$00002712)
    .text                                    0x080000d4   Section       28  startup_stm32f072xb.o(.text)
    .text                                    0x080000f0   Section        0  uidiv.o(.text)
    .text                                    0x0800011c   Section        0  memcpya.o(.text)
    .text                                    0x08000140   Section        0  strlen.o(.text)
    .text                                    0x08000150   Section       36  init.o(.text)
    i.Button_Init                            0x08000174   Section        0  main.o(i.Button_Init)
    i.Car_Direction                          0x0800019c   Section        0  car_control.o(i.Car_Direction)
    i.Configure_GPIOB1314_I2C2               0x08000380   Section        0  lcd_main.o(i.Configure_GPIOB1314_I2C2)
    i.Configure_I2C2_Master                  0x080003dc   Section        0  lcd_main.o(i.Configure_I2C2_Master)
    i.Configure_PA9PA10_USART1               0x0800041c   Section        0  main.o(i.Configure_PA9PA10_USART1)
    i.Configure_PB4_TIMer3                   0x08000474   Section        0  melody_main.o(i.Configure_PB4_TIMer3)
    i.Configure_Timer2                       0x08000500   Section        0  melody_main.o(i.Configure_Timer2)
    i.Configure_usart1                       0x08000578   Section        0  main.o(i.Configure_usart1)
    i.Delay                                  0x08000604   Section        0  main.o(i.Delay)
    i.DisablePWM                             0x0800061c   Section        0  melody_main.o(i.DisablePWM)
    i.Display_string                         0x08000638   Section        0  main.o(i.Display_string)
    i.EnablePWM                              0x08000654   Section        0  melody_main.o(i.EnablePWM)
    i.GPIOA_init                             0x08000678   Section        0  main.o(i.GPIOA_init)
    i.GPIOC_Init_Car                         0x080006ec   Section        0  car_control.o(i.GPIOC_Init_Car)
    i.I2C2_SendData                          0x08000748   Section        0  lcd_control.o(i.I2C2_SendData)
    i.I2C_write4bits                         0x08000760   Section        0  lcd_control.o(i.I2C_write4bits)
    i.LCD_Clear                              0x08000790   Section        0  lcd_control.o(i.LCD_Clear)
    i.LCD_Init                               0x080007a0   Section        0  lcd_control.o(i.LCD_Init)
    i.LCD_command                            0x0800086c   Section        0  lcd_control.o(i.LCD_command)
    i.LCD_data                               0x080008a4   Section        0  lcd_control.o(i.LCD_data)
    i.LCD_main                               0x080008e4   Section        0  lcd_main.o(i.LCD_main)
    i.LCD_printstring                        0x080008f4   Section        0  lcd_control.o(i.LCD_printstring)
    i.LED_off                                0x08000912   Section        0  main.o(i.LED_off)
    i.LED_on                                 0x08000924   Section        0  main.o(i.LED_on)
    i.PlayMelody                             0x08000938   Section        0  melody_main.o(i.PlayMelody)
    i.SelectTone                             0x08000b08   Section        0  melody_main.o(i.SelectTone)
    i.Send_ATCMD                             0x08000b44   Section        0  main.o(i.Send_ATCMD)
    i.SetSysClock                            0x08000bb0   Section        0  main.o(i.SetSysClock)
    SetSysClock                              0x08000bb1   Thumb Code   124  main.o(i.SetSysClock)
    i.SysTick_Handler                        0x08000c3c   Section        0  main.o(i.SysTick_Handler)
    i.SystemInit                             0x08000c4c   Section        0  system_stm32f0xx.o(i.SystemInit)
    i.TIM2Delay                              0x08000cc4   Section        0  melody_main.o(i.TIM2Delay)
    i.TIM2_IRQHandler                        0x08000cdc   Section        0  melody_main.o(i.TIM2_IRQHandler)
    i.USART1_IRQHandler                      0x08000cfc   Section        0  main.o(i.USART1_IRQHandler)
    i.__0printf$bare                         0x08000ffc   Section        0  printfb.o(i.__0printf$bare)
    i.__ARM_common_switch8                   0x08001010   Section        0  main.o(i.__ARM_common_switch8)
    i.__NVIC_SetPriority                     0x0800102c   Section        0  main.o(i.__NVIC_SetPriority)
    __NVIC_SetPriority                       0x0800102d   Thumb Code   110  main.o(i.__NVIC_SetPriority)
    i.__NVIC_SetPriority                     0x080010a4   Section        0  melody_main.o(i.__NVIC_SetPriority)
    __NVIC_SetPriority                       0x080010a5   Thumb Code   110  melody_main.o(i.__NVIC_SetPriority)
    i.__scatterload_copy                     0x0800111c   Section       14  handlers.o(i.__scatterload_copy)
    i.__scatterload_null                     0x0800112a   Section        2  handlers.o(i.__scatterload_null)
    i.__scatterload_zeroinit                 0x0800112c   Section       14  handlers.o(i.__scatterload_zeroinit)
    i._printf_core                           0x0800113a   Section        0  printfb.o(i._printf_core)
    _printf_core                             0x0800113b   Thumb Code    30  printfb.o(i._printf_core)
    i.fputc                                  0x08001158   Section        0  retarget_io.o(i.fputc)
    i.main                                   0x08001178   Section        0  main.o(i.main)
    i.melody_main                            0x08001318   Section        0  melody_main.o(i.melody_main)
    i.stdout_init                            0x08001324   Section        0  usart_user.o(i.stdout_init)
    i.stdout_putchar                         0x08001394   Section        0  usart_user.o(i.stdout_putchar)
    .constdata                               0x080013b4   Section      254  main.o(.constdata)
    .constdata                               0x080014b4   Section      410  melody_main.o(.constdata)
    .data                                    0x20000000   Section       92  main.o(.data)
    .data                                    0x2000005c   Section        5  lcd_control.o(.data)
    .data                                    0x20000064   Section        8  melody_main.o(.data)
    .data                                    0x2000006c   Section        4  system_stm32f0xx.o(.data)
    .data                                    0x20000070   Section        4  stdout.o(.data)
    STACK                                    0x20000078   Section     1024  startup_stm32f072xb.o(STACK)

    Global Symbols

    Symbol Name                              Value     Ov Type        Size  Object(Section)

    BuildAttributes$$THM_ISAv3M$S$PE$A:L22$X:L11$S22$IEEE1$IW$USESV6$~STKCKD$USESV7$~SHL$OSPACE$ROPI$EBA8$MICROLIB$REQ8$PRES8$EABIv2 0x00000000   Number         0  anon$$obj.o ABSOLUTE
    __ARM_use_no_argv                        0x00000000   Number         0  main.o ABSOLUTE
    __cpp_initialize__aeabi_                  - Undefined Weak Reference
    __cxa_finalize                            - Undefined Weak Reference
    __decompress                              - Undefined Weak Reference
    _clock_init                               - Undefined Weak Reference
    _microlib_exit                            - Undefined Weak Reference
    __Vectors_Size                           0x000000c0   Number         0  startup_stm32f072xb.o ABSOLUTE
    __Vectors                                0x08000000   Data           4  startup_stm32f072xb.o(RESET)
    __Vectors_End                            0x080000c0   Data           0  startup_stm32f072xb.o(RESET)
    __main                                   0x080000c1   Thumb Code     0  entry.o(.ARM.Collect$$$$00000000)
    _main_stk                                0x080000c1   Thumb Code     0  entry2.o(.ARM.Collect$$$$00000001)
    _main_scatterload                        0x080000c5   Thumb Code     0  entry5.o(.ARM.Collect$$$$00000004)
    __main_after_scatterload                 0x080000c9   Thumb Code     0  entry5.o(.ARM.Collect$$$$00000004)
    _main_clock                              0x080000c9   Thumb Code     0  entry7b.o(.ARM.Collect$$$$00000008)
    _main_cpp_init                           0x080000c9   Thumb Code     0  entry8b.o(.ARM.Collect$$$$0000000A)
    _main_init                               0x080000c9   Thumb Code     0  entry9a.o(.ARM.Collect$$$$0000000B)
    __rt_final_cpp                           0x080000d1   Thumb Code     0  entry10a.o(.ARM.Collect$$$$0000000D)
    __rt_final_exit                          0x080000d1   Thumb Code     0  entry11a.o(.ARM.Collect$$$$0000000F)
    Reset_Handler                            0x080000d5   Thumb Code     8  startup_stm32f072xb.o(.text)
    NMI_Handler                              0x080000dd   Thumb Code     2  startup_stm32f072xb.o(.text)
    HardFault_Handler                        0x080000df   Thumb Code     2  startup_stm32f072xb.o(.text)
    SVC_Handler                              0x080000e1   Thumb Code     2  startup_stm32f072xb.o(.text)
    PendSV_Handler                           0x080000e3   Thumb Code     2  startup_stm32f072xb.o(.text)
    ADC1_COMP_IRQHandler                     0x080000e7   Thumb Code     0  startup_stm32f072xb.o(.text)
    CEC_CAN_IRQHandler                       0x080000e7   Thumb Code     0  startup_stm32f072xb.o(.text)
    DMA1_Channel1_IRQHandler                 0x080000e7   Thumb Code     0  startup_stm32f072xb.o(.text)
    DMA1_Channel2_3_IRQHandler               0x080000e7   Thumb Code     0  startup_stm32f072xb.o(.text)
    DMA1_Channel4_5_6_7_IRQHandler           0x080000e7   Thumb Code     0  startup_stm32f072xb.o(.text)
    EXTI0_1_IRQHandler                       0x080000e7   Thumb Code     0  startup_stm32f072xb.o(.text)
    EXTI2_3_IRQHandler                       0x080000e7   Thumb Code     0  startup_stm32f072xb.o(.text)
    EXTI4_15_IRQHandler                      0x080000e7   Thumb Code     0  startup_stm32f072xb.o(.text)
    FLASH_IRQHandler                         0x080000e7   Thumb Code     0  startup_stm32f072xb.o(.text)
    I2C1_IRQHandler                          0x080000e7   Thumb Code     0  startup_stm32f072xb.o(.text)
    I2C2_IRQHandler                          0x080000e7   Thumb Code     0  startup_stm32f072xb.o(.text)
    PVD_VDDIO2_IRQHandler                    0x080000e7   Thumb Code     0  startup_stm32f072xb.o(.text)
    RCC_CRS_IRQHandler                       0x080000e7   Thumb Code     0  startup_stm32f072xb.o(.text)
    RTC_IRQHandler                           0x080000e7   Thumb Code     0  startup_stm32f072xb.o(.text)
    SPI1_IRQHandler                          0x080000e7   Thumb Code     0  startup_stm32f072xb.o(.text)
    SPI2_IRQHandler                          0x080000e7   Thumb Code     0  startup_stm32f072xb.o(.text)
    TIM14_IRQHandler                         0x080000e7   Thumb Code     0  startup_stm32f072xb.o(.text)
    TIM15_IRQHandler                         0x080000e7   Thumb Code     0  startup_stm32f072xb.o(.text)
    TIM16_IRQHandler                         0x080000e7   Thumb Code     0  startup_stm32f072xb.o(.text)
    TIM17_IRQHandler                         0x080000e7   Thumb Code     0  startup_stm32f072xb.o(.text)
    TIM1_BRK_UP_TRG_COM_IRQHandler           0x080000e7   Thumb Code     0  startup_stm32f072xb.o(.text)
    TIM1_CC_IRQHandler                       0x080000e7   Thumb Code     0  startup_stm32f072xb.o(.text)
    TIM3_IRQHandler                          0x080000e7   Thumb Code     0  startup_stm32f072xb.o(.text)
    TIM6_DAC_IRQHandler                      0x080000e7   Thumb Code     0  startup_stm32f072xb.o(.text)
    TIM7_IRQHandler                          0x080000e7   Thumb Code     0  startup_stm32f072xb.o(.text)
    TSC_IRQHandler                           0x080000e7   Thumb Code     0  startup_stm32f072xb.o(.text)
    USART2_IRQHandler                        0x080000e7   Thumb Code     0  startup_stm32f072xb.o(.text)
    USART3_4_IRQHandler                      0x080000e7   Thumb Code     0  startup_stm32f072xb.o(.text)
    USB_IRQHandler                           0x080000e7   Thumb Code     0  startup_stm32f072xb.o(.text)
    WWDG_IRQHandler                          0x080000e7   Thumb Code     0  startup_stm32f072xb.o(.text)
    __aeabi_uidiv                            0x080000f1   Thumb Code     0  uidiv.o(.text)
    __aeabi_uidivmod                         0x080000f1   Thumb Code    44  uidiv.o(.text)
    __aeabi_memcpy                           0x0800011d   Thumb Code    36  memcpya.o(.text)
    __aeabi_memcpy4                          0x0800011d   Thumb Code     0  memcpya.o(.text)
    __aeabi_memcpy8                          0x0800011d   Thumb Code     0  memcpya.o(.text)
    strlen                                   0x08000141   Thumb Code    14  strlen.o(.text)
    __scatterload                            0x08000151   Thumb Code    28  init.o(.text)
    __scatterload_rt2                        0x08000151   Thumb Code     0  init.o(.text)
    Button_Init                              0x08000175   Thumb Code    30  main.o(i.Button_Init)
    Car_Direction                            0x0800019d   Thumb Code   480  car_control.o(i.Car_Direction)
    Configure_GPIOB1314_I2C2                 0x08000381   Thumb Code    82  lcd_main.o(i.Configure_GPIOB1314_I2C2)
    Configure_I2C2_Master                    0x080003dd   Thumb Code    46  lcd_main.o(i.Configure_I2C2_Master)
    Configure_PA9PA10_USART1                 0x0800041d   Thumb Code    82  main.o(i.Configure_PA9PA10_USART1)
    Configure_PB4_TIMer3                     0x08000475   Thumb Code   126  melody_main.o(i.Configure_PB4_TIMer3)
    Configure_Timer2                         0x08000501   Thumb Code   102  melody_main.o(i.Configure_Timer2)
    Configure_usart1                         0x08000579   Thumb Code   120  main.o(i.Configure_usart1)
    Delay                                    0x08000605   Thumb Code    20  main.o(i.Delay)
    DisablePWM                               0x0800061d   Thumb Code    24  melody_main.o(i.DisablePWM)
    Display_string                           0x08000639   Thumb Code    26  main.o(i.Display_string)
    EnablePWM                                0x08000655   Thumb Code    32  melody_main.o(i.EnablePWM)
    GPIOA_init                               0x08000679   Thumb Code   112  main.o(i.GPIOA_init)
    GPIOC_Init_Car                           0x080006ed   Thumb Code    82  car_control.o(i.GPIOC_Init_Car)
    I2C2_SendData                            0x08000749   Thumb Code    20  lcd_control.o(i.I2C2_SendData)
    I2C_write4bits                           0x08000761   Thumb Code    42  lcd_control.o(i.I2C_write4bits)
    LCD_Clear                                0x08000791   Thumb Code    16  lcd_control.o(i.LCD_Clear)
    LCD_Init                                 0x080007a1   Thumb Code   178  lcd_control.o(i.LCD_Init)
    LCD_command                              0x0800086d   Thumb Code    50  lcd_control.o(i.LCD_command)
    LCD_data                                 0x080008a5   Thumb Code    58  lcd_control.o(i.LCD_data)
    LCD_main                                 0x080008e5   Thumb Code    16  lcd_main.o(i.LCD_main)
    LCD_printstring                          0x080008f5   Thumb Code    30  lcd_control.o(i.LCD_printstring)
    LED_off                                  0x08000913   Thumb Code    18  main.o(i.LED_off)
    LED_on                                   0x08000925   Thumb Code    18  main.o(i.LED_on)
    PlayMelody                               0x08000939   Thumb Code   312  melody_main.o(i.PlayMelody)
    SelectTone                               0x08000b09   Thumb Code    52  melody_main.o(i.SelectTone)
    Send_ATCMD                               0x08000b45   Thumb Code    92  main.o(i.Send_ATCMD)
    SysTick_Handler                          0x08000c3d   Thumb Code    12  main.o(i.SysTick_Handler)
    SystemInit                               0x08000c4d   Thumb Code   102  system_stm32f0xx.o(i.SystemInit)
    TIM2Delay                                0x08000cc5   Thumb Code    20  melody_main.o(i.TIM2Delay)
    TIM2_IRQHandler                          0x08000cdd   Thumb Code    28  melody_main.o(i.TIM2_IRQHandler)
    USART1_IRQHandler                        0x08000cfd   Thumb Code   686  main.o(i.USART1_IRQHandler)
    __0printf$bare                           0x08000ffd   Thumb Code    12  printfb.o(i.__0printf$bare)
    __1printf$bare                           0x08000ffd   Thumb Code     0  printfb.o(i.__0printf$bare)
    __2printf                                0x08000ffd   Thumb Code     0  printfb.o(i.__0printf$bare)
    __ARM_common_switch8                     0x08001011   Thumb Code    28  main.o(i.__ARM_common_switch8)
    __scatterload_copy                       0x0800111d   Thumb Code    14  handlers.o(i.__scatterload_copy)
    __scatterload_null                       0x0800112b   Thumb Code     2  handlers.o(i.__scatterload_null)
    __scatterload_zeroinit                   0x0800112d   Thumb Code    14  handlers.o(i.__scatterload_zeroinit)
    fputc                                    0x08001159   Thumb Code    26  retarget_io.o(i.fputc)
    main                                     0x08001179   Thumb Code   288  main.o(i.main)
    melody_main                              0x08001319   Thumb Code    12  melody_main.o(i.melody_main)
    stdout_init                              0x08001325   Thumb Code   104  usart_user.o(i.stdout_init)
    stdout_putchar                           0x08001395   Thumb Code    26  usart_user.o(i.stdout_putchar)
    nAT_1                                    0x080013b4   Data           5  main.o(.constdata)
    nATReset_2                               0x080013b9   Data          11  main.o(.constdata)
    nATVersion_3                             0x080013c4   Data          14  main.o(.constdata)
    nATAddr_5                                0x080013d2   Data          11  main.o(.constdata)
    nATName_6                                0x080013dd   Data          11  main.o(.constdata)
    nATUart_13                               0x080013e8   Data          11  main.o(.constdata)
    nATUartSET_13                            0x080013f3   Data          20  main.o(.constdata)
    msg_LED_ON                               0x08001407   Data           7  main.o(.constdata)
    msg_LED_OFF                              0x0800140e   Data           8  main.o(.constdata)
    msg_Basic_Song                           0x08001416   Data          15  main.o(.constdata)
    msg_Happy_Song                           0x08001425   Data          13  main.o(.constdata)
    msg_Star_Song                            0x08001432   Data          19  main.o(.constdata)
    msg_Bee_Song                             0x08001445   Data          18  main.o(.constdata)
    msg_ERROR                                0x08001457   Data          14  main.o(.constdata)
    msg_Button                               0x08001465   Data          13  main.o(.constdata)
    msg_CAR_Forward                          0x08001472   Data          12  main.o(.constdata)
    msg_CAR_Left                             0x0800147e   Data           9  main.o(.constdata)
    msg_CAR_Right                            0x08001487   Data          10  main.o(.constdata)
    msg_CAR_Backward                         0x08001491   Data          13  main.o(.constdata)
    msg_CAR_Stop                             0x0800149e   Data           9  main.o(.constdata)
    msg_START                                0x080014a7   Data          11  main.o(.constdata)
    Region$$Table$$Base                      0x08001650   Number         0  anon$$obj.o(Region$$Table)
    Region$$Table$$Limit                     0x08001670   Number         0  anon$$obj.o(Region$$Table)
    msTicks                                  0x20000000   Data           4  main.o(.data)
    CMD_mode                                 0x20000004   Data           1  main.o(.data)
    Tx_complete                              0x20000005   Data           1  main.o(.data)
    AT_CMD_char                              0x20000006   Data           1  main.o(.data)
    send                                     0x20000007   Data           1  main.o(.data)
    CMD_length                               0x20000008   Data           1  main.o(.data)
    String_length                            0x20000009   Data           1  main.o(.data)
    nATNameSET_6                             0x2000000a   Data           9  main.o(.data)
    BTName_ORI                               0x20000013   Data           8  main.o(.data)
    BTName                                   0x2000001b   Data          13  main.o(.data)
    string1                                  0x20000028   Data          23  main.o(.data)
    string2                                  0x2000003f   Data          22  main.o(.data)
    receive_buffer                           0x20000055   Data           5  main.o(.data)
    receive_ptr                              0x2000005a   Data           1  main.o(.data)
    BT_receive_cmd                           0x2000005b   Data           1  main.o(.data)
    BackLight_flag                           0x2000005c   Data           1  lcd_control.o(.data)
    DisplayFunction                          0x2000005d   Data           1  lcd_control.o(.data)
    LCD_line                                 0x2000005e   Data           1  lcd_control.o(.data)
    DisplayControl                           0x2000005f   Data           1  lcd_control.o(.data)
    DisplayMode                              0x20000060   Data           1  lcd_control.o(.data)
    TIM2_Ticks                               0x20000064   Data           4  melody_main.o(.data)
    button_press                             0x20000068   Data           4  melody_main.o(.data)
    SystemCoreClock                          0x2000006c   Data           4  system_stm32f0xx.o(.data)
    __stdout                                 0x20000070   Data           4  stdout.o(.data)
    __initial_sp                             0x20000478   Data           0  startup_stm32f072xb.o(STACK)



==============================================================================

Memory Map of the image

  Image Entry point : 0x080000d5

  Load Region LR_1 (Base: 0x08000000, Size: 0x000016e4, Max: 0xffffffff, ABSOLUTE)

    Execution Region ER_RO (Exec base: 0x08000000, Load base: 0x08000000, Size: 0x00001670, Max: 0xffffffff, ABSOLUTE)

    Exec Addr    Load Addr    Size         Type   Attr      Idx    E Section Name        Object

    0x08000000   0x08000000   0x000000c0   Data   RO          565    RESET               startup_stm32f072xb.o
    0x080000c0   0x080000c0   0x00000000   Code   RO          603  * .ARM.Collect$$$$00000000  mc_p.l(entry.o)
    0x080000c0   0x080000c0   0x00000004   Code   RO          882    .ARM.Collect$$$$00000001  mc_p.l(entry2.o)
    0x080000c4   0x080000c4   0x00000004   Code   RO          885    .ARM.Collect$$$$00000004  mc_p.l(entry5.o)
    0x080000c8   0x080000c8   0x00000000   Code   RO          887    .ARM.Collect$$$$00000008  mc_p.l(entry7b.o)
    0x080000c8   0x080000c8   0x00000000   Code   RO          889    .ARM.Collect$$$$0000000A  mc_p.l(entry8b.o)
    0x080000c8   0x080000c8   0x00000008   Code   RO          890    .ARM.Collect$$$$0000000B  mc_p.l(entry9a.o)
    0x080000d0   0x080000d0   0x00000000   Code   RO          892    .ARM.Collect$$$$0000000D  mc_p.l(entry10a.o)
    0x080000d0   0x080000d0   0x00000000   Code   RO          894    .ARM.Collect$$$$0000000F  mc_p.l(entry11a.o)
    0x080000d0   0x080000d0   0x00000004   Code   RO          883    .ARM.Collect$$$$00002712  mc_p.l(entry2.o)
    0x080000d4   0x080000d4   0x0000001c   Code   RO          566  * .text               startup_stm32f072xb.o
    0x080000f0   0x080000f0   0x0000002c   Code   RO          612    .text               mc_p.l(uidiv.o)
    0x0800011c   0x0800011c   0x00000024   Code   RO          616    .text               mc_p.l(memcpya.o)
    0x08000140   0x08000140   0x0000000e   Code   RO          618    .text               mc_p.l(strlen.o)
    0x0800014e   0x0800014e   0x00000002   PAD
    0x08000150   0x08000150   0x00000024   Code   RO          909    .text               mc_p.l(init.o)
    0x08000174   0x08000174   0x00000028   Code   RO            4    i.Button_Init       main.o
    0x0800019c   0x0800019c   0x000001e4   Code   RO          202    i.Car_Direction     car_control.o
    0x08000380   0x08000380   0x0000005c   Code   RO          389    i.Configure_GPIOB1314_I2C2  lcd_main.o
    0x080003dc   0x080003dc   0x00000040   Code   RO          390    i.Configure_I2C2_Master  lcd_main.o
    0x0800041c   0x0800041c   0x00000058   Code   RO            7    i.Configure_PA9PA10_USART1  main.o
    0x08000474   0x08000474   0x0000008c   Code   RO          425    i.Configure_PB4_TIMer3  melody_main.o
    0x08000500   0x08000500   0x00000078   Code   RO          426    i.Configure_Timer2  melody_main.o
    0x08000578   0x08000578   0x0000008c   Code   RO            8    i.Configure_usart1  main.o
    0x08000604   0x08000604   0x00000018   Code   RO            9    i.Delay             main.o
    0x0800061c   0x0800061c   0x0000001c   Code   RO          427    i.DisablePWM        melody_main.o
    0x08000638   0x08000638   0x0000001a   Code   RO           10    i.Display_string    main.o
    0x08000652   0x08000652   0x00000002   PAD
    0x08000654   0x08000654   0x00000024   Code   RO          428    i.EnablePWM         melody_main.o
    0x08000678   0x08000678   0x00000074   Code   RO           11    i.GPIOA_init        main.o
    0x080006ec   0x080006ec   0x0000005c   Code   RO          203    i.GPIOC_Init_Car    car_control.o
    0x08000748   0x08000748   0x00000018   Code   RO          235    i.I2C2_SendData     lcd_control.o
    0x08000760   0x08000760   0x00000030   Code   RO          236    i.I2C_write4bits    lcd_control.o
    0x08000790   0x08000790   0x00000010   Code   RO          240    i.LCD_Clear         lcd_control.o
    0x080007a0   0x080007a0   0x000000cc   Code   RO          245    i.LCD_Init          lcd_control.o
    0x0800086c   0x0800086c   0x00000038   Code   RO          246    i.LCD_command       lcd_control.o
    0x080008a4   0x080008a4   0x00000040   Code   RO          248    i.LCD_data          lcd_control.o
    0x080008e4   0x080008e4   0x00000010   Code   RO          391    i.LCD_main          lcd_main.o
    0x080008f4   0x080008f4   0x0000001e   Code   RO          252    i.LCD_printstring   lcd_control.o
    0x08000912   0x08000912   0x00000012   Code   RO           12    i.LED_off           main.o
    0x08000924   0x08000924   0x00000012   Code   RO           13    i.LED_on            main.o
    0x08000936   0x08000936   0x00000002   PAD
    0x08000938   0x08000938   0x000001d0   Code   RO          429    i.PlayMelody        melody_main.o
    0x08000b08   0x08000b08   0x0000003c   Code   RO          430    i.SelectTone        melody_main.o
    0x08000b44   0x08000b44   0x0000006c   Code   RO           14    i.Send_ATCMD        main.o
    0x08000bb0   0x08000bb0   0x0000008c   Code   RO           15    i.SetSysClock       main.o
    0x08000c3c   0x08000c3c   0x00000010   Code   RO           16    i.SysTick_Handler   main.o
    0x08000c4c   0x08000c4c   0x00000078   Code   RO          573    i.SystemInit        system_stm32f0xx.o
    0x08000cc4   0x08000cc4   0x00000018   Code   RO          431    i.TIM2Delay         melody_main.o
    0x08000cdc   0x08000cdc   0x00000020   Code   RO          432    i.TIM2_IRQHandler   melody_main.o
    0x08000cfc   0x08000cfc   0x00000300   Code   RO           17    i.USART1_IRQHandler  main.o
    0x08000ffc   0x08000ffc   0x00000014   Code   RO          623    i.__0printf$bare    mc_p.l(printfb.o)
    0x08001010   0x08001010   0x0000001c   Code   RO          117    i.__ARM_common_switch8  main.o
    0x0800102c   0x0800102c   0x00000078   Code   RO           18    i.__NVIC_SetPriority  main.o
    0x080010a4   0x080010a4   0x00000078   Code   RO          433    i.__NVIC_SetPriority  melody_main.o
    0x0800111c   0x0800111c   0x0000000e   Code   RO          923    i.__scatterload_copy  mc_p.l(handlers.o)
    0x0800112a   0x0800112a   0x00000002   Code   RO          924    i.__scatterload_null  mc_p.l(handlers.o)
    0x0800112c   0x0800112c   0x0000000e   Code   RO          925    i.__scatterload_zeroinit  mc_p.l(handlers.o)
    0x0800113a   0x0800113a   0x0000001e   Code   RO          630    i._printf_core      mc_p.l(printfb.o)
    0x08001158   0x08001158   0x00000020   Code   RO          514    i.fputc             retarget_io.o
    0x08001178   0x08001178   0x000001a0   Code   RO           19    i.main              main.o
    0x08001318   0x08001318   0x0000000c   Code   RO          434    i.melody_main       melody_main.o
    0x08001324   0x08001324   0x00000070   Code   RO          163    i.stdout_init       usart_user.o
    0x08001394   0x08001394   0x00000020   Code   RO          164    i.stdout_putchar    usart_user.o
    0x080013b4   0x080013b4   0x000000fe   Data   RO           20    .constdata          main.o
    0x080014b2   0x080014b2   0x00000002   PAD
    0x080014b4   0x080014b4   0x0000019a   Data   RO          435    .constdata          melody_main.o
    0x0800164e   0x0800164e   0x00000002   PAD
    0x08001650   0x08001650   0x00000020   Data   RO          921    Region$$Table       anon$$obj.o


    Execution Region ER_RW (Exec base: 0x20000000, Load base: 0x08001670, Size: 0x00000074, Max: 0xffffffff, ABSOLUTE)

    Exec Addr    Load Addr    Size         Type   Attr      Idx    E Section Name        Object

    0x20000000   0x08001670   0x0000005c   Data   RW           21    .data               main.o
    0x2000005c   0x080016cc   0x00000005   Data   RW          258    .data               lcd_control.o
    0x20000061   0x080016d1   0x00000003   PAD
    0x20000064   0x080016d4   0x00000008   Data   RW          436    .data               melody_main.o
    0x2000006c   0x080016dc   0x00000004   Data   RW          575    .data               system_stm32f0xx.o
    0x20000070   0x080016e0   0x00000004   Data   RW          610    .data               mc_p.l(stdout.o)


    Execution Region ER_ZI (Exec base: 0x20000074, Load base: 0x080016e4, Size: 0x00000404, Max: 0xffffffff, ABSOLUTE)

    Exec Addr    Load Addr    Size         Type   Attr      Idx    E Section Name        Object

    0x20000074   0x080016e4   0x00000004   PAD
    0x20000078        -       0x00000400   Zero   RW          563    STACK               startup_stm32f072xb.o


==============================================================================

Image component sizes


      Code (inc. data)   RO Data    RW Data    ZI Data      Debug   Object Name

       576         28          0          0          0       1093   car_control.o
       442         48          0          5          0       5092   lcd_control.o
       172         28          0          0          0       1302   lcd_main.o
      2066        320        254         92          0     202376   main.o
      1036        218        410          8          0      13431   melody_main.o
        32          6          0          0          0       2528   retarget_io.o
        28          8        192          0       1024        632   startup_stm32f072xb.o
       120         18          0          4          0       1361   system_stm32f0xx.o
       144         14          0          0          0        863   usart_user.o

    ----------------------------------------------------------------------
      4620        688        892        112       1024     228678   Object Totals
         0          0         32          0          0          0   (incl. Generated)
         4          0          4          3          0          0   (incl. Padding)

    ----------------------------------------------------------------------

      Code (inc. data)   RO Data    RW Data    ZI Data      Debug   Library Member Name

         0          0          0          0          0          0   entry.o
         0          0          0          0          0          0   entry10a.o
         0          0          0          0          0          0   entry11a.o
         8          4          0          0          0          0   entry2.o
         4          0          0          0          0          0   entry5.o
         0          0          0          0          0          0   entry7b.o
         0          0          0          0          0          0   entry8b.o
         8          4          0          0          0          0   entry9a.o
        30          0          0          0          0          0   handlers.o
        36          8          0          0          0         68   init.o
        36          0          0          0          0         60   memcpya.o
        50          8          0          0          0        144   printfb.o
         0          0          0          4          0          0   stdout.o
        14          0          0          0          0         60   strlen.o
        44          0          0          0          0         72   uidiv.o

    ----------------------------------------------------------------------
       232         24          0          4          4        404   Library Totals
         2          0          0          0          4          0   (incl. Padding)

    ----------------------------------------------------------------------

      Code (inc. data)   RO Data    RW Data    ZI Data      Debug   Library Name

       230         24          0          4          0        404   mc_p.l

    ----------------------------------------------------------------------
       232         24          0          4          4        404   Library Totals

    ----------------------------------------------------------------------

==============================================================================


      Code (inc. data)   RO Data    RW Data    ZI Data      Debug   

      4852        712        892        116       1028     227430   Grand Totals
      4852        712        892        116       1028     227430   ELF Image Totals
      4852        712        892        116          0          0   ROM Totals

==============================================================================

    Total RO  Size (Code + RO Data)                 5744 (   5.61kB)
    Total RW  Size (RW Data + ZI Data)              1144 (   1.12kB)
    Total ROM Size (Code + RO Data + RW Data)       5860 (   5.72kB)

==============================================================================

